src/protocols/can_simple.c:109:1:can_simple_fdcan_rx_callback	16	static
src/protocols/can_simple.c:68:1:can_simple_parse_float	0	static
src/protocols/can_simple.c:92:1:can_simple_pack_float	0	static
src/protocols/can_simple.c:190:1:can_simple_init	24	static
src/protocols/can_simple.c:234:1:can_simple_deinit	8	static
src/protocols/can_simple.c:249:1:can_simple_flush_rx	24	static
src/protocols/can_simple.c:267:1:can_simple_set_axis_state	24	static
src/protocols/can_simple.c:295:1:can_simple_set_axis_state_nb	24	static
src/protocols/can_simple.c:320:1:can_simple_set_controller_mode	24	static
src/protocols/can_simple.c:361:1:can_simple_set_velocity	24	static
src/protocols/can_simple.c:390:1:can_simple_set_position	24	static
src/protocols/can_simple.c:420:1:can_simple_set_position_nb	24	static
src/protocols/can_simple.c:449:1:can_simple_set_input_torque	24	static
src/protocols/can_simple.c:476:1:can_simple_set_input_torque_nb	24	static
src/protocols/can_simple.c:505:1:can_simple_set_limits	24	static
src/protocols/can_simple.c:534:1:can_simple_set_traj_vel_limit	24	static
src/protocols/can_simple.c:562:1:can_simple_set_traj_accel_limits	24	static
src/protocols/can_simple.c:591:1:can_simple_set_pos_gain	24	static
src/protocols/can_simple.c:619:1:can_simple_set_vel_gains	24	static
src/protocols/can_simple.c:648:1:can_simple_set_linear_count	24	static
src/protocols/can_simple.c:679:1:can_simple_get_heartbeat	72	static
src/protocols/can_simple.c:736:1:can_simple_get_cached_heartbeat	16	static
src/protocols/can_simple.c:766:1:can_simple_get_cached_encoder	24	static
src/protocols/can_simple.c:808:1:can_simple_reset_encoder_cache	0	static
src/protocols/can_simple.c:822:1:can_simple_get_encoder_count	72	static
src/protocols/can_simple.c:874:1:can_simple_get_motor_error	72	static
src/protocols/can_simple.c:922:1:can_simple_get_encoder_error	72	static
src/protocols/can_simple.c:970:1:can_simple_get_sensorless_error	72	static
src/protocols/can_simple.c:1018:1:can_simple_clear_errors	24	static
src/protocols/can_simple.c:1042:1:can_simple_estop	24	static
src/protocols/can_simple.c:1063:1:can_simple_estop_nb	24	static
src/protocols/can_simple.c:1083:1:can_simple_reboot	24	static
src/protocols/can_simple.c:1107:1:can_simple_set_timeout	0	static
src/protocols/can_simple.c:1124:1:can_simple_abort_all_tx	24	static
src/protocols/can_simple.c:1138:1:can_simple_get_cached_iq	16	static
src/protocols/can_simple.c:1168:1:can_simple_get_cached_temperature	16	static
src/protocols/can_simple.c:1198:1:can_simple_get_cached_bus_voltage_current	16	static
