src/app/cli.c:1078:1:uart_output_callback	0	static
src/app/cli.c:567:1:cli_cmd_valve_wall_k	16	static
src/app/cli.c:102:1:cli_cmd_help	16	static
src/app/cli.c:545:1:cli_cmd_valve_wall_c	16	static
src/app/cli.c:523:1:cli_cmd_valve_torquelimit	16	static
src/app/cli.c:611:1:cli_cmd_valve_timing	16	static
src/app/cli.c:186:1:cli_cmd_valve_status	16	static
src/app/cli.c:173:1:cli_cmd_valve_stop	8	static
src/app/cli.c:139:1:cli_cmd_valve_start	16	static
src/app/cli.c:589:1:cli_cmd_valve_scale	16	static
src/app/cli.c:1169:1:cli_cmd_valve_preset_show	16	static
src/app/cli.c:1142:1:cli_cmd_valve_preset_save	16	static
src/app/cli.c:1110:1:cli_cmd_valve_preset	16	static
src/app/cli.c:261:1:cli_cmd_valve_friction	16	static
src/app/cli.c:501:1:cli_cmd_valve_epsilon	16	static
src/app/cli.c:487:1:cli_cmd_valve_energy	8	static
src/app/cli.c:117:1:cli_cmd_valve_damping	16	static
src/app/cli.c:283:1:cli_cmd_ping	16	static
src/app/cli.c:1015:1:cli_cmd_perf_stats	128	static
src/app/cli.c:1052:1:cli_cmd_perf_rms	32	static
src/app/cli.c:1089:1:cli_cmd_perf_dump	16	static
src/app/cli.c:793:1:cli_cmd_odrive_velocity	24	static
src/app/cli.c:771:1:cli_cmd_odrive_torque	24	static
src/app/cli.c:649:1:cli_cmd_odrive_status	24	static
src/app/cli.c:815:1:cli_cmd_odrive_position	24	static
src/app/cli.c:899:1:cli_cmd_odrive_pos_gain	24	static
src/app/cli.c:860:1:cli_cmd_odrive_mode	24	static
src/app/cli.c:751:1:cli_cmd_odrive_calibrate	16	static
src/app/cli.c:357:1:cli_cmd_nvm_status	80	static
src/app/cli.c:401:1:cli_cmd_http	32	static
src/app/cli.c:304:1:cli_cmd_ethstatus	80	static
src/app/cli.c:452:1:cli_cmd_eth_stream	24	static
src/app/cli.c:965:1:cli_cmd_can_telemetry	32	static
src/app/cli.c:990:1:cli_cmd_can_status	32	static
src/app/cli.c:942:1:cli_cmd_can_encoder	24	static
src/app/cli.c:233:1:cli_cmd_fault_last	32	static
src/app/cli.c:331:1:cli_cmd_setip	16	static
src/app/cli.c:920:1:cli_cmd_odrive_vel_gains	32	static
src/app/cli.c:837:1:cli_cmd_odrive_limits	24	static
src/app/cli.c:732:1:cli_cmd_odrive_clear	16	static
src/app/cli.c:694:1:cli_cmd_odrive_disable	16	static
src/app/cli.c:675:1:cli_cmd_odrive_enable	16	static
src/app/cli.c:713:1:cli_cmd_odrive_estop	16	static
src/app/cli.c:630:1:cli_cmd_odrive_ping	16	static
src/app/cli.c:76:1:cli_find_command	24	static
src/app/cli.c:1310:1:cli_init	32	static
src/app/cli.c:1357:1:cli_run	224	static
