ports/lwip/ethernetif.c:462:9:ETH_PHY_IO_DeInit	0	static
ports/lwip/ethernetif.c:235:14:low_level_output	64	static
ports/lwip/ethernetif.c:366:6:pbuf_free_custom	8	static
ports/lwip/ethernetif.c:445:9:ETH_PHY_IO_Init	8	static
ports/lwip/ethernetif.c:474:9:ETH_PHY_IO_ReadReg	8	static
ports/lwip/ethernetif.c:491:9:ETH_PHY_IO_WriteReg	8	static
ports/lwip/ethernetif.c:505:9:ETH_PHY_IO_GetTick	0	static
ports/lwip/ethernetif.c:306:6:ethernetif_input	32	static
ports/lwip/ethernetif.c:386:6:HAL_ETH_MspInit	64	static
ports/lwip/ethernetif.c:514:6:ethernet_link_check_state	176	static
ports/lwip/ethernetif.c:337:7:ethernetif_init	40	static
ports/lwip/ethernetif.c:587:6:HAL_ETH_RxAllocateCallback	24	static
ports/lwip/ethernetif.c:609:6:HAL_ETH_RxLinkCallback	8	static
ports/lwip/ethernetif.c:648:6:HAL_ETH_TxFreeCallback	0	static
