Archive member included to satisfy reference by file (symbol)

/usr/lib/gcc/arm-none-eabi/14.2.1/../../../arm-none-eabi/lib/thumb/v7e-m+dp/hard/libc_nano.a(libc_a-sprintf.o)
                              build/stm32h7xx_it.o (sprintf)
/usr/lib/gcc/arm-none-eabi/14.2.1/../../../arm-none-eabi/lib/thumb/v7e-m+dp/hard/libc_nano.a(libc_a-rand.o)
                              build/tcp.o (rand)
/usr/lib/gcc/arm-none-eabi/14.2.1/../../../arm-none-eabi/lib/thumb/v7e-m+dp/hard/libc_nano.a(libc_a-memmove.o)
                              build/def.o (memmove)
/usr/lib/gcc/arm-none-eabi/14.2.1/../../../arm-none-eabi/lib/thumb/v7e-m+dp/hard/libc_nano.a(libc_a-assert.o)
                              /usr/lib/gcc/arm-none-eabi/14.2.1/../../../arm-none-eabi/lib/thumb/v7e-m+dp/hard/libc_nano.a(libc_a-rand.o) (__assert_func)
/usr/lib/gcc/arm-none-eabi/14.2.1/../../../arm-none-eabi/lib/thumb/v7e-m+dp/hard/libc_nano.a(libc_a-strtod.o)
                              build/cli.o (strtof)
/usr/lib/gcc/arm-none-eabi/14.2.1/../../../arm-none-eabi/lib/thumb/v7e-m+dp/hard/libc_nano.a(libc_a-nano-svfprintf.o)
                              /usr/lib/gcc/arm-none-eabi/14.2.1/../../../arm-none-eabi/lib/thumb/v7e-m+dp/hard/libc_nano.a(libc_a-sprintf.o) (_svfprintf_r)
/usr/lib/gcc/arm-none-eabi/14.2.1/../../../arm-none-eabi/lib/thumb/v7e-m+dp/hard/libc_nano.a(libc_a-gdtoa-gethex.o)
                              /usr/lib/gcc/arm-none-eabi/14.2.1/../../../arm-none-eabi/lib/thumb/v7e-m+dp/hard/libc_nano.a(libc_a-strtod.o) (__gethex)
/usr/lib/gcc/arm-none-eabi/14.2.1/../../../arm-none-eabi/lib/thumb/v7e-m+dp/hard/libc_nano.a(libc_a-strtoul.o)
                              build/cli.o (strtoul)
/usr/lib/gcc/arm-none-eabi/14.2.1/../../../arm-none-eabi/lib/thumb/v7e-m+dp/hard/libc_nano.a(libc_a-init.o)
                              /usr/lib/gcc/arm-none-eabi/14.2.1/../../../arm-none-eabi/lib/thumb/v7e-m+dp/hard/crt0.o (__libc_init_array)
/usr/lib/gcc/arm-none-eabi/14.2.1/../../../arm-none-eabi/lib/thumb/v7e-m+dp/hard/libc_nano.a(libc_a-strtok.o)
                              build/cli.o (strtok)
/usr/lib/gcc/arm-none-eabi/14.2.1/../../../arm-none-eabi/lib/thumb/v7e-m+dp/hard/libc_nano.a(libc_a-strstr.o)
                              build/http_server.o (strstr)
/usr/lib/gcc/arm-none-eabi/14.2.1/../../../arm-none-eabi/lib/thumb/v7e-m+dp/hard/libc_nano.a(libc_a-memset.o)
                              /usr/lib/gcc/arm-none-eabi/14.2.1/../../../arm-none-eabi/lib/thumb/v7e-m+dp/hard/crt0.o (memset)
/usr/lib/gcc/arm-none-eabi/14.2.1/../../../arm-none-eabi/lib/thumb/v7e-m+dp/hard/libc_nano.a(libc_a-memcmp.o)
                              build/ethernet.o (memcmp)
/usr/lib/gcc/arm-none-eabi/14.2.1/../../../arm-none-eabi/lib/thumb/v7e-m+dp/hard/libc_nano.a(libc_a-strcmp.o)
                              build/cli.o (strcmp)
/usr/lib/gcc/arm-none-eabi/14.2.1/../../../arm-none-eabi/lib/thumb/v7e-m+dp/hard/libc_nano.a(libc_a-abort.o)
                              /usr/lib/gcc/arm-none-eabi/14.2.1/../../../arm-none-eabi/lib/thumb/v7e-m+dp/hard/libc_nano.a(libc_a-assert.o) (abort)
/usr/lib/gcc/arm-none-eabi/14.2.1/../../../arm-none-eabi/lib/thumb/v7e-m+dp/hard/libc_nano.a(libc_a-strncmp.o)
                              build/stream_server.o (strncmp)
/usr/lib/gcc/arm-none-eabi/14.2.1/../../../arm-none-eabi/lib/thumb/v7e-m+dp/hard/libc_nano.a(libc_a-nano-vfprintf_float.o)
                              /usr/lib/gcc/arm-none-eabi/14.2.1/../../../arm-none-eabi/lib/thumb/v7e-m+dp/hard/libc_nano.a(libc_a-nano-svfprintf.o) (_printf_float)
/usr/lib/gcc/arm-none-eabi/14.2.1/../../../arm-none-eabi/lib/thumb/v7e-m+dp/hard/libc_nano.a(libc_a-locale.o)
                              /usr/lib/gcc/arm-none-eabi/14.2.1/../../../arm-none-eabi/lib/thumb/v7e-m+dp/hard/libc_nano.a(libc_a-strtod.o) (__global_locale)
/usr/lib/gcc/arm-none-eabi/14.2.1/../../../arm-none-eabi/lib/thumb/v7e-m+dp/hard/libc_nano.a(libc_a-mallocr.o)
                              /usr/lib/gcc/arm-none-eabi/14.2.1/../../../arm-none-eabi/lib/thumb/v7e-m+dp/hard/libc_nano.a(libc_a-nano-svfprintf.o) (_malloc_r)
/usr/lib/gcc/arm-none-eabi/14.2.1/../../../arm-none-eabi/lib/thumb/v7e-m+dp/hard/libc_nano.a(libc_a-dtoa.o)
                              /usr/lib/gcc/arm-none-eabi/14.2.1/../../../arm-none-eabi/lib/thumb/v7e-m+dp/hard/libc_nano.a(libc_a-nano-vfprintf_float.o) (_dtoa_r)
/usr/lib/gcc/arm-none-eabi/14.2.1/../../../arm-none-eabi/lib/thumb/v7e-m+dp/hard/libc_nano.a(libc_a-memcpy.o)
                              build/valve_presets.o (memcpy)
/usr/lib/gcc/arm-none-eabi/14.2.1/../../../arm-none-eabi/lib/thumb/v7e-m+dp/hard/libc_nano.a(libc_a-freer.o)
                              /usr/lib/gcc/arm-none-eabi/14.2.1/../../../arm-none-eabi/lib/thumb/v7e-m+dp/hard/libc_nano.a(libc_a-nano-svfprintf.o) (_free_r)
/usr/lib/gcc/arm-none-eabi/14.2.1/../../../arm-none-eabi/lib/thumb/v7e-m+dp/hard/libc_nano.a(libc_a-atoi.o)
                              build/cli.o (atoi)
[...]
Memory Configuration

Name             Origin             Length             Attributes
FLASH            0x08000000         0x00200000         xr
NVM              0x081c0000         0x00010000         xrw
NETWORK_CONFIG   0x081a0000         0x00010000         xrw
ITCMRAM          0x00000000         0x00010000         xrw
DTCMRAM          0x20000000         0x00020000         xrw
RAM_D1           0x24000000         0x00080000         xrw
RAM_D2           0x30000000         0x00048000         xrw
RAM_D3           0x38000000         0x00010000         xrw
*default*        0x00000000         0xffffffff

Linker script and memory map

LOAD /usr/lib/gcc/arm-none-eabi/14.2.1/thumb/v7e-m+dp/hard/crti.o
LOAD /usr/lib/gcc/arm-none-eabi/14.2.1/thumb/v7e-m+dp/hard/crtbegin.o
LOAD /usr/lib/gcc/arm-none-eabi/14.2.1/../../../arm-none-eabi/lib/thumb/v7e-m+dp/hard/crt0.o
LOAD build/main.o
LOAD build/board.o
LOAD build/mpu_config.o
LOAD build/system_stm32h7xx.o
LOAD build/uart.o
LOAD build/fdcan.o
LOAD build/cli.o
LOAD build/can_simple.o
LOAD build/valve_haptic.o
LOAD build/valve_physics.o
LOAD build/valve_presets.o
LOAD build/valve_nvm.o
LOAD build/valve_filters.o
LOAD build/valve_manager.o
LOAD build/odrive_manager.o
LOAD build/perfmon.o
LOAD build/performance_manager.o
LOAD build/stm32h7xx_it.o
LOAD build/syscalls.o
LOAD build/net_init.o
LOAD build/stream_server.o
LOAD build/http_server.o
LOAD build/rest_api.o
LOAD build/ping.o
LOAD build/network_manager.o
LOAD build/network_nvm.o
LOAD build/system_manager.o
LOAD build/status_strings.o
LOAD build/ethernetif.o
LOAD build/sys_arch.o
LOAD build/init.o
LOAD build/def.o
LOAD build/dns.o
LOAD build/inet_chksum.o
LOAD build/ip.o
LOAD build/mem.o
LOAD build/memp.o
LOAD build/netif.o
LOAD build/pbuf.o
LOAD build/raw.o
LOAD build/stats.o
LOAD build/sys.o
LOAD build/tcp.o
LOAD build/tcp_in.o
LOAD build/tcp_out.o
LOAD build/timeouts.o
LOAD build/udp.o
LOAD build/ethernet.o
LOAD build/etharp.o
LOAD build/ip4.o
LOAD build/ip4_addr.o
LOAD build/icmp.o
LOAD build/ip4_frag.o
LOAD build/dhcp.o
LOAD build/stm32h7xx_hal.o
LOAD build/stm32h7xx_hal_rcc.o
LOAD build/stm32h7xx_hal_gpio.o
LOAD build/stm32h7xx_hal_cortex.o
LOAD build/stm32h7xx_hal_flash.o
LOAD build/stm32h7xx_hal_flash_ex.o
LOAD build/stm32h7xx_hal_eth.o
LOAD build/stm32h7xx_hal_eth_ex.o
LOAD build/lan8742.o
LOAD build/arm_cos_f32.o
LOAD build/arm_sin_f32.o
LOAD build/arm_biquad_cascade_df1_f32.o
LOAD build/arm_biquad_cascade_df1_init_f32.o
LOAD build/arm_fir_f32.o
LOAD build/arm_fir_init_f32.o
LOAD build/arm_copy_f32.o
LOAD build/arm_fill_f32.o
LOAD build/startup_stm32h753xihx.o
LOAD /usr/lib/gcc/arm-none-eabi/14.2.1/../../../arm-none-eabi/lib/thumb/v7e-m+dp/hard/libc_nano.a
LOAD /usr/lib/gcc/arm-none-eabi/14.2.1/../../../arm-none-eabi/lib/thumb/v7e-m+dp/hard/libm.a
LOAD /usr/lib/gcc/arm-none-eabi/14.2.1/../../../arm-none-eabi/lib/thumb/v7e-m+dp/hard/libnosys.a
START GROUP
LOAD /usr/lib/gcc/arm-none-eabi/14.2.1/thumb/v7e-m+dp/hard/libgcc.a
LOAD /usr/lib/gcc/arm-none-eabi/14.2.1/../../../arm-none-eabi/lib/thumb/v7e-m+dp/hard/libc_nano.a
END GROUP
START GROUP
LOAD /usr/lib/gcc/arm-none-eabi/14.2.1/thumb/v7e-m+dp/hard/libgcc.a
LOAD /usr/lib/gcc/arm-none-eabi/14.2.1/../../../arm-none-eabi/lib/thumb/v7e-m+dp/hard/libc_nano.a
END GROUP
LOAD /usr/lib/gcc/arm-none-eabi/14.2.1/thumb/v7e-m+dp/hard/crtend.o
LOAD /usr/lib/gcc/arm-none-eabi/14.2.1/thumb/v7e-m+dp/hard/crtn.o
                0x00004000                        __STACK_SIZE = 0x4000
                0x00002000                        __HEAP_SIZE = 0x2000
                0x20020000                        _estack = (ORIGIN (DTCMRAM) + LENGTH (DTCMRAM))

.isr_vector     0x08000000      0x298
                0x08000000                        . = ALIGN (0x4)
 *(.isr_vector)
 .isr_vector    0x08000000      0x298 build/startup_stm32h753xihx.o
                0x08000000                g_pfnVectors
                0x08000298                        . = ALIGN (0x4)

.text           0x080002c0    0x195bc
                0x080002c0                        . = ALIGN (0x4)
 *(.text)
 .text          0x080002c0       0x88 /usr/lib/gcc/arm-none-eabi/14.2.1/thumb/v7e-m+dp/hard/crtbegin.o
 .text          0x08000348       0x80 /usr/lib/gcc/arm-none-eabi/14.2.1/../../../arm-none-eabi/lib/thumb/v7e-m+dp/hard/libc_nano.a(libc_a-sprintf.o)
                0x08000348                _siprintf_r
                0x08000348                _sprintf_r
                0x08000384                sprintf
                0x08000384                siprintf
 .text          0x080003c8       0xfc /usr/lib/gcc/arm-none-eabi/14.2.1/../../../arm-none-eabi/lib/thumb/v7e-m+dp/hard/libc_nano.a(libc_a-rand.o)
                0x080003c8                srand
                0x0800042c                rand
 .text          0x080004c4      0x100 /usr/lib/gcc/arm-none-eabi/14.2.1/../../../arm-none-eabi/lib/thumb/v7e-m+dp/hard/libc_nano.a(libc_a-memmove.o)
                0x080004c4                memmove
 .text          0x080005c4       0x4c /usr/lib/gcc/arm-none-eabi/14.2.1/../../../arm-none-eabi/lib/thumb/v7e-m+dp/hard/libc_nano.a(libc_a-assert.o)
                0x080005c4                __assert_func
                0x08000604                __assert
 .text          0x08000610     0x1064 /usr/lib/gcc/arm-none-eabi/14.2.1/../../../arm-none-eabi/lib/thumb/v7e-m+dp/hard/libc_nano.a(libc_a-strtod.o)
                0x08000610                _strtod_l
                0x0800150c                _strtod_r
                0x08001518                strtod_l
                0x08001534                strtod
                0x08001554                strtof_l
                0x080015d4                strtof
 .text          0x08001674      0x400 /usr/lib/gcc/arm-none-eabi/14.2.1/../../../arm-none-eabi/lib/thumb/v7e-m+dp/hard/libc_nano.a(libc_a-nano-svfprintf.o)
                0x08001674                __ssputs_r
                0x08001734                __ssprint_r
                0x0800183c                _svfprintf_r
                0x0800183c                _svfiprintf_r
 .text          0x08001a74      0x630 /usr/lib/gcc/arm-none-eabi/14.2.1/../../../arm-none-eabi/lib/thumb/v7e-m+dp/hard/libc_nano.a(libc_a-gdtoa-gethex.o)
                0x08001b18                __gethex
 .text          0x080020a4      0x168 /usr/lib/gcc/arm-none-eabi/14.2.1/../../../arm-none-eabi/lib/thumb/v7e-m+dp/hard/libc_nano.a(libc_a-strtoul.o)
                0x080021d8                _strtoul_r
                0x080021dc                strtoul_l
                0x080021f4                strtoul
 .text          0x0800220c       0x50 /usr/lib/gcc/arm-none-eabi/14.2.1/../../../arm-none-eabi/lib/thumb/v7e-m+dp/hard/libc_nano.a(libc_a-init.o)
                0x0800220c                __libc_init_array
 .text          0x0800225c       0x74 /usr/lib/gcc/arm-none-eabi/14.2.1/../../../arm-none-eabi/lib/thumb/v7e-m+dp/hard/libc_nano.a(libc_a-strtok.o)
                0x0800225c                strtok
 .text          0x080022d0      0x5bc /usr/lib/gcc/arm-none-eabi/14.2.1/../../../arm-none-eabi/lib/thumb/v7e-m+dp/hard/libc_nano.a(libc_a-strstr.o)
                0x08002720                strstr
 .text          0x0800288c       0xa4 /usr/lib/gcc/arm-none-eabi/14.2.1/../../../arm-none-eabi/lib/thumb/v7e-m+dp/hard/libc_nano.a(libc_a-memset.o)
                0x0800288c                memset
 .text          0x08002930       0x5c /usr/lib/gcc/arm-none-eabi/14.2.1/../../../arm-none-eabi/lib/thumb/v7e-m+dp/hard/libc_nano.a(libc_a-memcmp.o)
                0x08002930                memcmp
 *fill*         0x0800298c       0x14 
 .text          0x080029a0      0x2e0 /usr/lib/gcc/arm-none-eabi/14.2.1/../../../arm-none-eabi/lib/thumb/v7e-m+dp/hard/libc_nano.a(libc_a-strcmp.o)
                0x080029a0                strcmp
 .text          0x08002c80       0x10 /usr/lib/gcc/arm-none-eabi/14.2.1/../../../arm-none-eabi/lib/thumb/v7e-m+dp/hard/libc_nano.a(libc_a-abort.o)
                0x08002c80                abort
 .text          0x08002c90       0x8c /usr/lib/gcc/arm-none-eabi/14.2.1/../../../arm-none-eabi/lib/thumb/v7e-m+dp/hard/libc_nano.a(libc_a-strncmp.o)
                0x08002c90                strncmp
 *fill*         0x08002d1c        0x4 
 .text          0x08002d20      0x650 /usr/lib/gcc/arm-none-eabi/14.2.1/../../../arm-none-eabi/lib/thumb/v7e-m+dp/hard/libc_nano.a(libc_a-nano-vfprintf_float.o)
                0x08002d20                __cvt
                0x08002e18                __exponent
                0x08002e9c                _printf_float
 .text          0x08003370      0x148 /usr/lib/gcc/arm-none-eabi/14.2.1/../../../arm-none-eabi/lib/thumb/v7e-m+dp/hard/libc_nano.a(libc_a-mallocr.o)
                0x080033b8                _malloc_r
 .text          0x080034b8      0xe00 /usr/lib/gcc/arm-none-eabi/14.2.1/../../../arm-none-eabi/lib/thumb/v7e-m+dp/hard/libc_nano.a(libc_a-dtoa.o)
                0x080035e4                _dtoa_r
 .text          0x080042b8      0x134 /usr/lib/gcc/arm-none-eabi/14.2.1/../../../arm-none-eabi/lib/thumb/v7e-m+dp/hard/libc_nano.a(libc_a-memcpy.o)
                0x080042b8                memcpy
 .text          0x080043ec       0xbc /usr/lib/gcc/arm-none-eabi/14.2.1/../../../arm-none-eabi/lib/thumb/v7e-m+dp/hard/libc_nano.a(libc_a-freer.o)
                0x080043ec                _free_r
 .text          0x080044a8       0x10 /usr/lib/gcc/arm-none-eabi/14.2.1/../../../arm-none-eabi/lib/thumb/v7e-m+dp/hard/libc_nano.a(libc_a-atoi.o)
                0x080044a8                atoi
                0x080044b0                _atoi_r
 .text          0x080044b8       0x14 /usr/lib/gcc/arm-none-eabi/14.2.1/../../../arm-none-eabi/lib/thumb/v7e-m+dp/hard/libc_nano.a(libc_a-localeconv.o)
                0x080044b8                __localeconv_l
                0x080044bc                _localeconv_r
                0x080044c4                localeconv
 .text          0x080044cc      0x16c /usr/lib/gcc/arm-none-eabi/14.2.1/../../../arm-none-eabi/lib/thumb/v7e-m+dp/hard/libc_nano.a(libc_a-strtol.o)
                0x08004604                _strtol_r
                0x08004608                strtol_l
                0x08004620                strtol
 .text          0x08004638       0x30 /usr/lib/gcc/arm-none-eabi/14.2.1/../../../arm-none-eabi/lib/thumb/v7e-m+dp/hard/libc_nano.a(libc_a-wctomb_r.o)
                0x08004638                _wctomb_r
                0x0800464c                __ascii_wctomb
 .text          0x08004668       0x20 /usr/lib/gcc/arm-none-eabi/14.2.1/../../../arm-none-eabi/lib/thumb/v7e-m+dp/hard/libc_nano.a(libc_a-malloc.o)
                0x08004668                malloc
                0x08004678                free
 .text          0x08004688      0x484 /usr/lib/gcc/arm-none-eabi/14.2.1/../../../arm-none-eabi/lib/thumb/v7e-m+dp/hard/libc_nano.a(libc_a-nano-vfscanf_float.o)
                0x08004688                _scanf_float
 .text          0x08004b0c       0x44 /usr/lib/gcc/arm-none-eabi/14.2.1/../../../arm-none-eabi/lib/thumb/v7e-m+dp/hard/libc_nano.a(libc_a-fprintf.o)
                0x08004b0c                _fprintf_r
                0x08004b0c                _fiprintf_r
                0x08004b28                fprintf
                0x08004b28                fiprintf
 .text          0x08004b50       0x68 /usr/lib/gcc/arm-none-eabi/14.2.1/../../../arm-none-eabi/lib/thumb/v7e-m+dp/hard/libc_nano.a(libc_a-strncpy.o)
                0x08004b50                strncpy
 .text          0x08004bb8       0x64 /usr/lib/gcc/arm-none-eabi/14.2.1/../../../arm-none-eabi/lib/thumb/v7e-m+dp/hard/libc_nano.a(libc_a-reallocr.o)
                0x08004bb8                _realloc_r
 *fill*         0x08004c1c       0x24 
 .text          0x08004c40       0xd8 /usr/lib/gcc/arm-none-eabi/14.2.1/../../../arm-none-eabi/lib/thumb/v7e-m+dp/hard/libc_nano.a(libc_a-strlen.o)
                0x08004c40                strlen
 .text          0x08004d18      0x3a8 /usr/lib/gcc/arm-none-eabi/14.2.1/../../../arm-none-eabi/lib/thumb/v7e-m+dp/hard/libc_nano.a(libc_a-nano-vfprintf_i.o)
                0x08004d18                _printf_common
                0x08004e3c                _printf_i
 .text          0x080050c0        0x8 /usr/lib/gcc/arm-none-eabi/14.2.1/../../../arm-none-eabi/lib/thumb/v7e-m+dp/hard/libc_nano.a(libc_a-mlock.o)
                0x080050c0                __malloc_lock
                0x080050c4                __malloc_unlock
 .text          0x080050c8       0x24 /usr/lib/gcc/arm-none-eabi/14.2.1/../../../arm-none-eabi/lib/thumb/v7e-m+dp/hard/libc_nano.a(libc_a-strnlen.o)
                0x080050c8                strnlen
 .text          0x080050ec       0xec /usr/lib/gcc/arm-none-eabi/14.2.1/../../../arm-none-eabi/lib/thumb/v7e-m+dp/hard/libc_nano.a(libc_a-vsnprintf.o)
                0x080050ec                vsnprintf
                0x080050ec                vsniprintf
                0x08005164                _vsnprintf_r
                0x08005164                _vsniprintf_r
 .text          0x080051d8      0x260 /usr/lib/gcc/arm-none-eabi/14.2.1/../../../arm-none-eabi/lib/thumb/v7e-m+dp/hard/libc_nano.a(libc_a-signal.o)
                0x080051d8                _init_signal_r
                0x08005204                _signal_r
                0x08005250                _raise_r
                0x080052a0                __sigtramp_r
                0x08005300                raise
                0x08005354                signal
                0x080053a0                _init_signal
                0x080053d4                __sigtramp
 .text          0x08005438      0x114 /usr/lib/gcc/arm-none-eabi/14.2.1/../../../arm-none-eabi/lib/thumb/v7e-m+dp/hard/libc_nano.a(libc_a-snprintf.o)
                0x08005438                _sniprintf_r
                0x08005438                _snprintf_r
                0x080054bc                snprintf
                0x080054bc                sniprintf
 *fill*         0x0800554c        0x4 
 .text          0x08005550       0xa0 /usr/lib/gcc/arm-none-eabi/14.2.1/../../../arm-none-eabi/lib/thumb/v7e-m+dp/hard/libc_nano.a(libc_a-memchr.o)
                0x08005550                memchr
 .text          0x080055f0      0x204 /usr/lib/gcc/arm-none-eabi/14.2.1/../../../arm-none-eabi/lib/thumb/v7e-m+dp/hard/libc_nano.a(libc_a-gdtoa-hexnan.o)
                0x080055f0                __match
                0x08005628                __hexnan
 .text          0x080057f4       0x48 /usr/lib/gcc/arm-none-eabi/14.2.1/../../../arm-none-eabi/lib/thumb/v7e-m+dp/hard/libc_nano.a(libc_a-printf.o)
                0x080057f4                _printf_r
                0x080057f4                _iprintf_r
                0x08005814                printf
                0x08005814                iprintf
 .text          0x0800583c      0x314 /usr/lib/gcc/arm-none-eabi/14.2.1/../../../arm-none-eabi/lib/thumb/v7e-m+dp/hard/libc_nano.a(libc_a-nano-vfprintf.o)
                0x08005878                __sfputs_r
                0x080058a8                __sprint_r
                0x080058c8                _vfiprintf_r
                0x080058c8                _vfprintf_r
                0x08005b34                vfiprintf
                0x08005b34                vfprintf
 .text          0x08005b50       0x3c /usr/lib/gcc/arm-none-eabi/14.2.1/../../../arm-none-eabi/lib/thumb/v7e-m+dp/hard/libc_nano.a(libc_a-strcspn.o)
                0x08005b50                strcspn
 *fill*         0x08005b8c        0x4 
 .text          0x08005b90       0x10 /usr/lib/gcc/arm-none-eabi/14.2.1/../../../arm-none-eabi/lib/thumb/v7e-m+dp/hard/libc_nano.a(libm_a-s_nan.o)
                0x08005b90                nan
 .text          0x08005ba0        0xc /usr/lib/gcc/arm-none-eabi/14.2.1/../../../arm-none-eabi/lib/thumb/v7e-m+dp/hard/libc_nano.a(libm_a-sf_nan.o)
                0x08005ba0                nanf
 .text          0x08005bac       0x6c /usr/lib/gcc/arm-none-eabi/14.2.1/../../../arm-none-eabi/lib/thumb/v7e-m+dp/hard/libc_nano.a(libc_a-strtok_r.o)
                0x08005bac                __strtok_r
                0x08005c10                strtok_r
 .text          0x08005c18      0xafc /usr/lib/gcc/arm-none-eabi/14.2.1/../../../arm-none-eabi/lib/thumb/v7e-m+dp/hard/libc_nano.a(libc_a-mprec.o)
                0x08005c18                _Balloc
                0x08005c98                _Bfree
                0x08005ce0                __multadd
                0x08005d7c                __s2b
                0x08005e30                __hi0bits
                0x08005e74                __lo0bits
                0x08005ed4                __i2b
                0x08005f00                __multiply
                0x0800606c                __pow5mult
                0x0800614c                __lshift
                0x08006234                __mcmp
                0x08006278                __mdiff
                0x080063f0                __ulp
                0x08006454                __b2d
                0x08006510                __d2b
                0x080065d0                __ratio
                0x08006634                _mprec_log10
                0x0800665c                __copybits
                0x080066b8                __any_on
 .text          0x08006714        0xc /usr/lib/gcc/arm-none-eabi/14.2.1/../../../arm-none-eabi/lib/thumb/v7e-m+dp/hard/libc_nano.a(libc_a-errno.o)
                0x08006714                __errno
 .text          0x08006720       0x24 /usr/lib/gcc/arm-none-eabi/14.2.1/../../../arm-none-eabi/lib/thumb/v7e-m+dp/hard/libc_nano.a(libc_a-sbrkr.o)
                0x08006720                _sbrk_r
 .text          0x08006744       0xd0 /usr/lib/gcc/arm-none-eabi/14.2.1/../../../arm-none-eabi/lib/thumb/v7e-m+dp/hard/libc_nano.a(libc_a-strchr.o)
                0x08006744                strchr
 .text          0x08006814       0x10 /usr/lib/gcc/arm-none-eabi/14.2.1/../../../arm-none-eabi/lib/thumb/v7e-m+dp/hard/libc_nano.a(libc_a-msizer.o)
                0x08006814                _malloc_usable_size_r
 .text          0x08006824      0x300 /usr/lib/gcc/arm-none-eabi/14.2.1/../../../arm-none-eabi/lib/thumb/v7e-m+dp/hard/libc_nano.a(libc_a-fvwrite.o)
                0x08006824                __sfvwrite_r
 .text          0x08006b24       0x40 /usr/lib/gcc/arm-none-eabi/14.2.1/../../../arm-none-eabi/lib/thumb/v7e-m+dp/hard/libc_nano.a(libc_a-mbtowc_r.o)
                0x08006b24                _mbtowc_r
                0x08006b38                __ascii_mbtowc
 .text          0x08006b64      0x224 /usr/lib/gcc/arm-none-eabi/14.2.1/../../../arm-none-eabi/lib/thumb/v7e-m+dp/hard/libc_nano.a(libc_a-findfp.o)
                0x08006c94                __sfp
                0x08006d38                __sinit
                0x08006d58                __sfp_lock_acquire
                0x08006d5c                __sfp_lock_release
                0x08006d60                __fp_lock_all
                0x08006d74                __fp_unlock_all
 .text          0x08006d88      0x1a8 /usr/lib/gcc/arm-none-eabi/14.2.1/../../../arm-none-eabi/lib/thumb/v7e-m+dp/hard/libc_nano.a(libc_a-fflush.o)
                0x08006d88                __sflush_r
                0x08006eac                _fflush_r
                0x08006ee4                fflush
 .text          0x08006f30       0x28 /usr/lib/gcc/arm-none-eabi/14.2.1/../../../arm-none-eabi/lib/thumb/v7e-m+dp/hard/libc_nano.a(libc_a-callocr.o)
                0x08006f30                _calloc_r
 .text          0x08006f58       0xc4 /usr/lib/gcc/arm-none-eabi/14.2.1/../../../arm-none-eabi/lib/thumb/v7e-m+dp/hard/libc_nano.a(libc_a-wsetup.o)
                0x08006f58                __swsetup_r
 .text          0x0800701c       0xa0 /usr/lib/gcc/arm-none-eabi/14.2.1/../../../arm-none-eabi/lib/thumb/v7e-m+dp/hard/libc_nano.a(libc_a-wbuf.o)
                0x0800701c                __swbuf_r
                0x080070a4                __swbuf
 .text          0x080070bc       0x44 /usr/lib/gcc/arm-none-eabi/14.2.1/../../../arm-none-eabi/lib/thumb/v7e-m+dp/hard/libc_nano.a(libc_a-fwalk.o)
                0x080070bc                _fwalk_sglue
 .text          0x08007100      0x114 /usr/lib/gcc/arm-none-eabi/14.2.1/../../../arm-none-eabi/lib/thumb/v7e-m+dp/hard/libc_nano.a(libc_a-makebuf.o)
                0x08007100                __smakebuf_r
                0x080071c4                __swhatbuf_r
 .text          0x08007214       0x30 /usr/lib/gcc/arm-none-eabi/14.2.1/../../../arm-none-eabi/lib/thumb/v7e-m+dp/hard/libc_nano.a(libc_a-signalr.o)
                0x08007214                _kill_r
                0x08007240                _getpid_r
 .text          0x08007244       0x2c /usr/lib/gcc/arm-none-eabi/14.2.1/../../../arm-none-eabi/lib/thumb/v7e-m+dp/hard/libc_nano.a(libc_a-fstatr.o)
                0x08007244                _fstat_r
 .text          0x08007270       0x94 /usr/lib/gcc/arm-none-eabi/14.2.1/../../../arm-none-eabi/lib/thumb/v7e-m+dp/hard/libc_nano.a(libc_a-stdio.o)
                0x08007270                __sread
                0x08007294                __seofread
                0x08007298                __swrite
                0x080072d8                __sseek
                0x080072fc                __sclose
 .text          0x08007304       0x2c /usr/lib/gcc/arm-none-eabi/14.2.1/../../../arm-none-eabi/lib/thumb/v7e-m+dp/hard/libc_nano.a(libc_a-readr.o)
                0x08007304                _read_r
 .text          0x08007330       0x2c /usr/lib/gcc/arm-none-eabi/14.2.1/../../../arm-none-eabi/lib/thumb/v7e-m+dp/hard/libc_nano.a(libc_a-writer.o)
                0x08007330                _write_r
 .text          0x0800735c       0x24 /usr/lib/gcc/arm-none-eabi/14.2.1/../../../arm-none-eabi/lib/thumb/v7e-m+dp/hard/libc_nano.a(libc_a-closer.o)
                0x0800735c                _close_r
 .text          0x08007380       0x2c /usr/lib/gcc/arm-none-eabi/14.2.1/../../../arm-none-eabi/lib/thumb/v7e-m+dp/hard/libc_nano.a(libc_a-lseekr.o)
                0x08007380                _lseek_r
 .text          0x080073ac       0x24 /usr/lib/gcc/arm-none-eabi/14.2.1/../../../arm-none-eabi/lib/thumb/v7e-m+dp/hard/libc_nano.a(libc_a-isattyr.o)
                0x080073ac                _isatty_r
 .text          0x080073d0       0x1c /usr/lib/gcc/arm-none-eabi/14.2.1/../../../arm-none-eabi/lib/thumb/v7e-m+dp/hard/libnosys.a(sbrk.o)
                0x080073d0                _sbrk
 .text          0x080073ec        0x4 /usr/lib/gcc/arm-none-eabi/14.2.1/../../../arm-none-eabi/lib/thumb/v7e-m+dp/hard/libnosys.a(_exit.o)
                0x080073ec                _exit
 .text          0x080073f0      0x378 /usr/lib/gcc/arm-none-eabi/14.2.1/thumb/v7e-m+dp/hard/libgcc.a(_arm_addsubdf3.o)
                0x080073f0                __aeabi_drsub
                0x080073f8                __aeabi_dsub
                0x080073f8                __subdf3
                0x080073fc                __adddf3
                0x080073fc                __aeabi_dadd
                0x08007674                __aeabi_ui2d
                0x08007674                __floatunsidf
                0x08007694                __floatsidf
                0x08007694                __aeabi_i2d
                0x080076b8                __extendsfdf2
                0x080076b8                __aeabi_f2d
                0x080076fc                __aeabi_ul2d
                0x080076fc                __floatundidf
                0x0800770c                __floatdidf
                0x0800770c                __aeabi_l2d
 .text          0x08007768       0x30 /usr/lib/gcc/arm-none-eabi/14.2.1/thumb/v7e-m+dp/hard/libgcc.a(_fixdfdi.o)
                0x08007768                __aeabi_d2lz
                0x08007768                __fixdfdi
 .text          0x08007798       0x40 /usr/lib/gcc/arm-none-eabi/14.2.1/thumb/v7e-m+dp/hard/libgcc.a(_fixunsdfdi.o)
                0x08007798                __aeabi_d2ulz
                0x08007798                __fixunsdfdi
 *(.text*)
 .text.startup.main
                0x080077d8      0x1d8 build/main.o
                0x080077d8                main
 .text.assert_failed
                0x080079b0       0x10 build/main.o
                0x080079b0                assert_failed
 .text.SysTick_Handler
                0x080079c0       0x10 build/board.o
                0x080079c0                SysTick_Handler
 .text.board_get_systick_ms
                0x080079d0        0xc build/board.o
                0x080079d0                board_get_systick_ms
 .text.board_delay_ms
                0x080079dc       0x14 build/board.o
                0x080079dc                board_delay_ms
 .text.board_led_on
                0x080079f0       0x18 build/board.o
                0x080079f0                board_led_on
 .text.board_led_off
                0x08007a08       0x18 build/board.o
                0x08007a08                board_led_off
 .text.board_get_sysclk_hz
                0x08007a20        0xc build/board.o
                0x08007a20                board_get_sysclk_hz
 .text.board_get_unique_id
                0x08007a2c       0x1c build/board.o
                0x08007a2c                board_get_unique_id
 .text.board_panic
                0x08007a48       0x84 build/board.o
                0x08007a48                board_panic
 .text.board_init
                0x08007acc      0x34c build/board.o
                0x08007acc                board_init
 .text.MPU_Config
                0x08007e18       0x40 build/mpu_config.o
                0x08007e18                MPU_Config
 .text.ExitRun0Mode
                0x08007e58        0x4 build/system_stm32h7xx.o
                0x08007e58                ExitRun0Mode
 .text.SystemInit
                0x08007e5c       0x64 build/system_stm32h7xx.o
                0x08007e5c                SystemInit
 .text.uart_init
                0x08007ec0       0x98 build/uart.o
                0x08007ec0                uart_init
 .text.uart_write
                0x08007f58       0x9c build/uart.o
                0x08007f58                uart_write
 .text.uart_read
                0x08007ff4       0x60 build/uart.o
                0x08007ff4                uart_read
 .text.uart_write_string
                0x08008054       0x2c build/uart.o
                0x08008054                uart_write_string
 .text.USART3_IRQHandler
                0x08008080       0x5c build/uart.o
                0x08008080                USART3_IRQHandler
 .text.uart_get_handle
                0x080080dc        0x8 build/uart.o
                0x080080dc                uart_get_handle
 .text.uart_printf
                0x080080e4       0x40 build/uart.o
                0x080080e4                uart_printf
 .text.fdcan_init
                0x08008124      0x254 build/fdcan.o
                0x08008124                fdcan_init
 .text.fdcan_transmit
                0x08008378       0xe0 build/fdcan.o
                0x08008378                fdcan_transmit
 .text.fdcan_receive
                0x08008458       0xcc build/fdcan.o
                0x08008458                fdcan_receive
 .text.fdcan_get_handle
                0x08008524        0x8 build/fdcan.o
                0x08008524                fdcan_get_handle
 .text.fdcan_abort_all_tx
                0x0800852c       0x40 build/fdcan.o
                0x0800852c                fdcan_abort_all_tx
 .text.fdcan_set_rx_callback
                0x0800856c        0x8 build/fdcan.o
                0x0800856c                fdcan_set_rx_callback
 .text.fdcan_set_error_callback
                0x08008574        0x8 build/fdcan.o
                0x08008574                fdcan_set_error_callback
 .text.fdcan_enable_interrupts
                0x0800857c       0x3c build/fdcan.o
                0x0800857c                fdcan_enable_interrupts
 .text.FDCAN1_IT0_IRQHandler
                0x080085b8      0x174 build/fdcan.o
                0x080085b8                FDCAN1_IT0_IRQHandler
 .text.fdcan_set_std_range_filter
                0x0800872c       0x6c build/fdcan.o
                0x0800872c                fdcan_set_std_range_filter
 .text.uart_output_callback
                0x08008798       0x18 build/cli.o
 .text.cli_cmd_valve_wall_k
                0x080087b0       0x64 build/cli.o
 .text.cli_cmd_help
                0x08008814       0x38 build/cli.o
 .text.cli_cmd_valve_wall_c
                0x0800884c       0x64 build/cli.o
 .text.cli_cmd_valve_torquelimit
                0x080088b0       0x64 build/cli.o
 .text.cli_cmd_valve_timing
                0x08008914       0x70 build/cli.o
 .text.cli_cmd_valve_status
                0x08008984      0x16c build/cli.o
 .text.cli_cmd_valve_stop
                0x08008af0       0x1c build/cli.o
 .text.cli_cmd_valve_start
                0x08008b0c       0xdc build/cli.o
 .text.cli_cmd_valve_scale
                0x08008be8       0x64 build/cli.o
 .text.cli_cmd_valve_preset_show
                0x08008c4c       0xe0 build/cli.o
 .text.cli_cmd_valve_preset_save
                0x08008d2c       0x78 build/cli.o
 .text.cli_cmd_valve_preset
                0x08008da4       0xb8 build/cli.o
 .text.cli_cmd_valve_friction
                0x08008e5c       0x64 build/cli.o
 .text.cli_cmd_valve_epsilon
                0x08008ec0       0x64 build/cli.o
 .text.cli_cmd_valve_energy
                0x08008f24       0x24 build/cli.o
 .text.cli_cmd_valve_damping
                0x08008f48       0x64 build/cli.o
 .text.cli_cmd_ping
                0x08008fac       0x5c build/cli.o
 .text.cli_cmd_perf_stats
                0x08009008      0x168 build/cli.o
 .text.cli_cmd_perf_rms
                0x08009170       0x98 build/cli.o
 .text.cli_cmd_perf_dump
                0x08009208       0x58 build/cli.o
 .text.cli_cmd_odrive_velocity
                0x08009260       0x80 build/cli.o
 .text.cli_cmd_odrive_torque
                0x080092e0       0x80 build/cli.o
 .text.cli_cmd_odrive_status
                0x08009360       0x9c build/cli.o
 .text.cli_cmd_odrive_position
                0x080093fc       0x80 build/cli.o
 .text.cli_cmd_odrive_pos_gain
                0x0800947c       0x80 build/cli.o
 .text.cli_cmd_odrive_mode
                0x080094fc       0xcc build/cli.o
 .text.cli_cmd_odrive_calibrate
                0x080095c8       0x54 build/cli.o
 .text.cli_cmd_nvm_status
                0x0800961c      0x164 build/cli.o
 .text.cli_cmd_http
                0x08009780      0x158 build/cli.o
 .text.cli_cmd_ethstatus
                0x080098d8       0xa8 build/cli.o
 .text.cli_cmd_eth_stream
                0x08009980       0xac build/cli.o
 .text.cli_cmd_can_telemetry
                0x08009a2c       0xac build/cli.o
 .text.cli_cmd_can_status
                0x08009ad8       0x84 build/cli.o
 .text.cli_cmd_can_encoder
                0x08009b5c       0x7c build/cli.o
 .text.cli_cmd_fault_last
                0x08009bd8       0x7c build/cli.o
 .text.cli_cmd_setip
                0x08009c54       0x94 build/cli.o
 .text.cli_cmd_odrive_vel_gains
                0x08009ce8       0xa4 build/cli.o
 .text.cli_cmd_odrive_limits
                0x08009d8c       0x88 build/cli.o
 .text.cli_cmd_odrive_clear
                0x08009e14       0x48 build/cli.o
 .text.cli_cmd_odrive_disable
                0x08009e5c       0x48 build/cli.o
 .text.cli_cmd_odrive_enable
                0x08009ea4       0x48 build/cli.o
 .text.cli_cmd_odrive_estop
                0x08009eec       0x48 build/cli.o
 .text.cli_cmd_odrive_ping
                0x08009f34       0x48 build/cli.o
 .text.cli_find_command
                0x08009f7c       0x64 build/cli.o
                0x08009f7c                cli_find_command
 .text.cli_init
                0x08009fe0       0x78 build/cli.o
                0x08009fe0                cli_init
 .text.cli_run  0x0800a058      0x13c build/cli.o
                0x0800a058                cli_run
 .text.can_simple_fdcan_rx_callback
                0x0800a194       0xbc build/can_simple.o
 .text.can_simple_init
                0x0800a250       0x74 build/can_simple.o
                0x0800a250                can_simple_init
 .text.can_simple_set_axis_state
                0x0800a2c4       0x38 build/can_simple.o
                0x0800a2c4                can_simple_set_axis_state
 .text.can_simple_set_axis_state_nb
                0x0800a2fc       0x34 build/can_simple.o
                0x0800a2fc                can_simple_set_axis_state_nb
 .text.can_simple_set_controller_mode
                0x0800a330       0x38 build/can_simple.o
                0x0800a330                can_simple_set_controller_mode
 .text.can_simple_set_velocity
                0x0800a368       0x3c build/can_simple.o
                0x0800a368                can_simple_set_velocity
 .text.can_simple_set_position
                0x0800a3a4       0x58 build/can_simple.o
                0x0800a3a4                can_simple_set_position
 .text.can_simple_set_input_torque
                0x0800a3fc       0x38 build/can_simple.o
                0x0800a3fc                can_simple_set_input_torque
 .text.can_simple_set_input_torque_nb
                0x0800a434       0x34 build/can_simple.o
                0x0800a434                can_simple_set_input_torque_nb
 .text.can_simple_set_limits
                0x0800a468       0x3c build/can_simple.o
                0x0800a468                can_simple_set_limits
 .text.can_simple_set_pos_gain
                0x0800a4a4       0x34 build/can_simple.o
                0x0800a4a4                can_simple_set_pos_gain
 .text.can_simple_set_vel_gains
                0x0800a4d8       0x3c build/can_simple.o
                0x0800a4d8                can_simple_set_vel_gains
 .text.can_simple_get_heartbeat
                0x0800a514       0xbc build/can_simple.o
                0x0800a514                can_simple_get_heartbeat
 .text.can_simple_get_cached_heartbeat
                0x0800a5d0       0x40 build/can_simple.o
                0x0800a5d0                can_simple_get_cached_heartbeat
 .text.can_simple_get_cached_encoder
                0x0800a610       0x3c build/can_simple.o
                0x0800a610                can_simple_get_cached_encoder
 .text.can_simple_clear_errors
                0x0800a64c       0x30 build/can_simple.o
                0x0800a64c                can_simple_clear_errors
 .text.can_simple_estop
                0x0800a67c       0x30 build/can_simple.o
                0x0800a67c                can_simple_estop
 .text.can_simple_estop_nb
                0x0800a6ac       0x2c build/can_simple.o
                0x0800a6ac                can_simple_estop_nb
 .text.can_simple_abort_all_tx
                0x0800a6d8       0x20 build/can_simple.o
                0x0800a6d8                can_simple_abort_all_tx
 .text.can_simple_get_cached_temperature
                0x0800a6f8       0x38 build/can_simple.o
                0x0800a6f8                can_simple_get_cached_temperature
 .text.can_simple_get_cached_bus_voltage_current
                0x0800a730       0x38 build/can_simple.o
                0x0800a730                can_simple_get_cached_bus_voltage_current
 .text.valve_fdcan_error_callback
                0x0800a768       0x2c build/valve_haptic.o
 .text.valve_haptic_init
                0x0800a794       0xc4 build/valve_haptic.o
                0x0800a794                valve_haptic_init
 .text.valve_haptic_load_preset
                0x0800a858       0x50 build/valve_haptic.o
                0x0800a858                valve_haptic_load_preset
 .text.valve_haptic_stage_config
                0x0800a8a8       0xa4 build/valve_haptic.o
                0x0800a8a8                valve_haptic_stage_config
 *fill*         0x0800a94c        0x4 
 .text.valve_haptic_start
                0x0800a950      0x320 build/valve_haptic.o
                0x0800a950                valve_haptic_start
 .text.valve_haptic_stop
                0x0800ac70       0x5c build/valve_haptic.o
                0x0800ac70                valve_haptic_stop
 .text.valve_haptic_process
                0x0800accc      0x480 build/valve_haptic.o
                0x0800accc                valve_haptic_process
 .text.TIM6_DAC_IRQHandler
                0x0800b14c       0x30 build/valve_haptic.o
                0x0800b14c                TIM6_DAC_IRQHandler
 .text.valve_haptic_get_state
                0x0800b17c        0x4 build/valve_haptic.o
                0x0800b17c                valve_haptic_get_state
 .text.valve_haptic_get_context
                0x0800b180        0xc build/valve_haptic.o
                0x0800b180                valve_haptic_get_context
 .text.valve_physics_clamp_torque
                0x0800b18c       0x24 build/valve_physics.o
                0x0800b18c                valve_physics_clamp_torque
 .text.valve_physics_calculate_torque_hil
                0x0800b1b0      0x10c build/valve_physics.o
                0x0800b1b0                valve_physics_calculate_torque_hil
 .text.valve_presets_init
                0x0800b2bc       0x34 build/valve_presets.o
                0x0800b2bc                valve_presets_init
 .text.valve_presets_save
                0x0800b2f0       0x44 build/valve_presets.o
                0x0800b2f0                valve_presets_save
 .text.valve_preset_from_preset
                0x0800b334       0x84 build/valve_presets.o
                0x0800b334                valve_preset_from_preset
 .text.valve_preset_validate
                0x0800b3b8       0xb0 build/valve_presets.o
                0x0800b3b8                valve_preset_validate
 .text.valve_preset_save_current
                0x0800b468       0x94 build/valve_presets.o
                0x0800b468                valve_preset_save_current
 .text.erase_nvm_sector
                0x0800b4fc       0x80 build/valve_nvm.o
 .text.valve_nvm_init
                0x0800b57c       0xb8 build/valve_nvm.o
                0x0800b57c                valve_nvm_init
 .text.valve_nvm_load_presets
                0x0800b634       0x50 build/valve_nvm.o
                0x0800b634                valve_nvm_load_presets
 .text.valve_nvm_get_default_presets
                0x0800b684        0x8 build/valve_nvm.o
                0x0800b684                valve_nvm_get_default_presets
 .text.valve_nvm_save_presets
                0x0800b68c       0xb8 build/valve_nvm.o
                0x0800b68c                valve_nvm_save_presets
 .text.valve_filter_lowpass_simple
                0x0800b744       0x6c build/valve_filters.o
                0x0800b744                valve_filter_lowpass_simple
 .text.valve_start
                0x0800b7b0        0x4 build/valve_manager.o
                0x0800b7b0                valve_start
 .text.valve_stop
                0x0800b7b4        0xc build/valve_manager.o
                0x0800b7b4                valve_stop
 .text.valve_set_damping
                0x0800b7c0       0x38 build/valve_manager.o
                0x0800b7c0                valve_set_damping
 .text.valve_set_friction
                0x0800b7f8       0x38 build/valve_manager.o
                0x0800b7f8                valve_set_friction
 .text.valve_set_epsilon
                0x0800b830       0x38 build/valve_manager.o
                0x0800b830                valve_set_epsilon
 .text.valve_set_torque_limit
                0x0800b868       0x38 build/valve_manager.o
                0x0800b868                valve_set_torque_limit
 .text.valve_set_wall_damping
                0x0800b8a0       0x38 build/valve_manager.o
                0x0800b8a0                valve_set_wall_damping
 .text.valve_set_wall_stiffness
                0x0800b8d8       0x38 build/valve_manager.o
                0x0800b8d8                valve_set_wall_stiffness
 .text.valve_set_scale
                0x0800b910       0x38 build/valve_manager.o
                0x0800b910                valve_set_scale
 .text.valve_set_open_position
                0x0800b948       0x38 build/valve_manager.o
                0x0800b948                valve_set_open_position
 .text.valve_set_closed_position
                0x0800b980       0x38 build/valve_manager.o
                0x0800b980                valve_set_closed_position
 .text.valve_load_preset
                0x0800b9b8        0x8 build/valve_manager.o
                0x0800b9b8                valve_load_preset
 .text.valve_save_preset
                0x0800b9c0        0x8 build/valve_manager.o
                0x0800b9c0                valve_save_preset
 .text.valve_get_state
                0x0800b9c8        0x4 build/valve_manager.o
                0x0800b9c8                valve_get_state
 .text.valve_get_energy
                0x0800b9cc        0xc build/valve_manager.o
                0x0800b9cc                valve_get_energy
 .text.valve_get_presets
                0x0800b9d8        0x8 build/valve_manager.o
                0x0800b9d8                valve_get_presets
 .text.odrive_ping
                0x0800b9e0       0x10 build/odrive_manager.o
                0x0800b9e0                odrive_ping
 .text.odrive_enable
                0x0800b9f0        0x8 build/odrive_manager.o
                0x0800b9f0                odrive_enable
 .text.odrive_disable
                0x0800b9f8        0x8 build/odrive_manager.o
                0x0800b9f8                odrive_disable
 .text.odrive_estop
                0x0800ba00        0x4 build/odrive_manager.o
                0x0800ba00                odrive_estop
 .text.odrive_clear_errors
                0x0800ba04        0x4 build/odrive_manager.o
                0x0800ba04                odrive_clear_errors
 .text.odrive_calibrate
                0x0800ba08       0x58 build/odrive_manager.o
                0x0800ba08                odrive_calibrate
 .text.odrive_set_limits
                0x0800ba60        0x4 build/odrive_manager.o
                0x0800ba60                odrive_set_limits
 .text.odrive_set_controller_mode
                0x0800ba64       0x30 build/odrive_manager.o
                0x0800ba64                odrive_set_controller_mode
 .text.odrive_set_position_gain
                0x0800ba94        0x4 build/odrive_manager.o
                0x0800ba94                odrive_set_position_gain
 .text.odrive_set_velocity_gains
                0x0800ba98        0x4 build/odrive_manager.o
                0x0800ba98                odrive_set_velocity_gains
 .text.odrive_set_torque
                0x0800ba9c        0x4 build/odrive_manager.o
                0x0800ba9c                odrive_set_torque
 .text.odrive_set_velocity
                0x0800baa0        0xc build/odrive_manager.o
                0x0800baa0                odrive_set_velocity
 .text.odrive_set_position
                0x0800baac        0x8 build/odrive_manager.o
                0x0800baac                odrive_set_position
 .text.odrive_get_status
                0x0800bab4       0x28 build/odrive_manager.o
                0x0800bab4                odrive_get_status
 .text.odrive_get_encoder
                0x0800badc       0x20 build/odrive_manager.o
                0x0800badc                odrive_get_encoder
 .text.odrive_get_telemetry
                0x0800bafc       0x28 build/odrive_manager.o
                0x0800bafc                odrive_get_telemetry
 .text.can_get_bus_status
                0x0800bb24        0xc build/odrive_manager.o
                0x0800bb24                can_get_bus_status
 .text.perfmon_init
                0x0800bb30       0x58 build/perfmon.o
                0x0800bb30                perfmon_init
 .text.perfmon_set_budget_us
                0x0800bb88        0xc build/perfmon.o
                0x0800bb88                perfmon_set_budget_us
 .text.perfmon_push
                0x0800bb94       0x8c build/perfmon.o
                0x0800bb94                perfmon_push
 .text.perfmon_snapshot
                0x0800bc20      0x678 build/perfmon.o
                0x0800bc20                perfmon_snapshot
 .text.perfmon_stats
                0x0800c298       0x2c build/perfmon.o
                0x0800c298                perfmon_stats
 .text.perf_get_stats
                0x0800c2c4       0x10 build/performance_manager.o
                0x0800c2c4                perf_get_stats
 .text.perf_get_rms_values
                0x0800c2d4       0x24 build/performance_manager.o
                0x0800c2d4                perf_get_rms_values
 .text.perf_dump_csv
                0x0800c2f8       0x18 build/performance_manager.o
                0x0800c2f8                perf_dump_csv
 .text.fault_uart_write
                0x0800c310       0x2c build/stm32h7xx_it.o
 .text.NMI_Handler
                0x0800c33c        0x4 build/stm32h7xx_it.o
                0x0800c33c                NMI_Handler
 .text.HardFault_Handler
                0x0800c340       0x14 build/stm32h7xx_it.o
                0x0800c340                HardFault_Handler
 .text.hard_fault_capture
                0x0800c354      0x108 build/stm32h7xx_it.o
                0x0800c354                hard_fault_capture
 .text.MemManage_Handler
                0x0800c45c        0x4 build/stm32h7xx_it.o
                0x0800c45c                MemManage_Handler
 .text.BusFault_Handler
                0x0800c460        0x4 build/stm32h7xx_it.o
                0x0800c460                BusFault_Handler
 .text.UsageFault_Handler
                0x0800c464        0x4 build/stm32h7xx_it.o
                0x0800c464                UsageFault_Handler
 .text.SVC_Handler
                0x0800c468        0x4 build/stm32h7xx_it.o
                0x0800c468                SVC_Handler
 .text.DebugMon_Handler
                0x0800c46c        0x4 build/stm32h7xx_it.o
                0x0800c46c                DebugMon_Handler
 .text.PendSV_Handler
                0x0800c470        0x4 build/stm32h7xx_it.o
                0x0800c470                PendSV_Handler
 .text._close   0x0800c474        0x8 build/syscalls.o
                0x0800c474                _close
 .text._fstat   0x0800c47c        0x8 build/syscalls.o
                0x0800c47c                _fstat
 .text._getpid  0x0800c484        0x8 build/syscalls.o
                0x0800c484                _getpid
 .text._isatty  0x0800c48c        0x8 build/syscalls.o
                0x0800c48c                _isatty
 .text._kill    0x0800c494        0x8 build/syscalls.o
                0x0800c494                _kill
 .text._lseek   0x0800c49c        0x8 build/syscalls.o
                0x0800c49c                _lseek
 .text._read    0x0800c4a4        0x8 build/syscalls.o
                0x0800c4a4                _read
 .text._write   0x0800c4ac        0x8 build/syscalls.o
                0x0800c4ac                _write
 .text.ethernet_link_status_updated
                0x0800c4b4       0x24 build/net_init.o
                0x0800c4b4                ethernet_link_status_updated
 .text.ethernet_link_thread
                0x0800c4d8      0x150 build/net_init.o
                0x0800c4d8                ethernet_link_thread
 .text.ethernet_init
                0x0800c628       0x14 build/net_init.o
                0x0800c628                ethernet_init
 .text.ethernet_process
                0x0800c63c       0x30 build/net_init.o
                0x0800c63c                ethernet_process
 .text.stream_poll
                0x0800c66c        0x4 build/stream_server.o
 .text.stream_log
                0x0800c670       0x60 build/stream_server.o
 .text.stream_send_buffer
                0x0800c6d0       0x88 build/stream_server.o
 .text.stream_disconnect
                0x0800c758       0xac build/stream_server.o
 .text.stream_error
                0x0800c804        0xc build/stream_server.o
 .text.stream_accept
                0x0800c810      0x144 build/stream_server.o
 .text.u64_to_dec_str.part.0.constprop.0
                0x0800c954       0xa8 build/stream_server.o
 .text.stream_recv
                0x0800c9fc      0x1c4 build/stream_server.o
 .text.stream_send_data
                0x0800cbc0      0x520 build/stream_server.o
 .text.ethernet_stream_process
                0x0800d0e0       0x50 build/stream_server.o
                0x0800d0e0                ethernet_stream_process
 .text.ethernet_stream_init
                0x0800d130       0xe0 build/stream_server.o
                0x0800d130                ethernet_stream_init
 .text.ethernet_stream_stop
                0x0800d210       0x68 build/stream_server.o
                0x0800d210                ethernet_stream_stop
 .text.ethernet_stream_set_default_interval
                0x0800d278       0x1c build/stream_server.o
                0x0800d278                ethernet_stream_set_default_interval
 .text.ethernet_stream_get_stats
                0x0800d294       0x54 build/stream_server.o
                0x0800d294                ethernet_stream_get_stats
 .text.http_accept
                0x0800d2e8       0xac build/http_server.o
 .text.http_log
                0x0800d394       0x5c build/http_server.o
 .text.http_close_conn
                0x0800d3f0       0x9c build/http_server.o
 .text.http_send_json_error
                0x0800d48c       0x94 build/http_server.o
 .text.http_poll
                0x0800d520       0x40 build/http_server.o
 .text.http_err
                0x0800d560       0x10 build/http_server.o
 .text.http_recv
                0x0800d570      0x638 build/http_server.o
 .text.ethernet_http_init
                0x0800dba8       0x98 build/http_server.o
                0x0800dba8                ethernet_http_init
 .text.ethernet_http_stop
                0x0800dc40       0x24 build/http_server.o
                0x0800dc40                ethernet_http_stop
 .text.ethernet_http_process
                0x0800dc64        0x4 build/http_server.o
                0x0800dc64                ethernet_http_process
 .text.ethernet_http_enable_logging
                0x0800dc68        0xc build/http_server.o
                0x0800dc68                ethernet_http_enable_logging
 .text.ethernet_http_get_status
                0x0800dc74       0x50 build/http_server.o
                0x0800dc74                ethernet_http_get_status
 .text.rest_send_response
                0x0800dcc4       0x84 build/rest_api.o
 .text.rest_send_json_error
                0x0800dd48       0x38 build/rest_api.o
 .text.rest_format_float.part.0.constprop.0
                0x0800dd80       0x9c build/rest_api.o
 .text.rest_log.constprop.0
                0x0800de1c       0x50 build/rest_api.o
 .text.jsmn_parse.constprop.0
                0x0800de6c      0x3a4 build/rest_api.o
 .text.rest_token_string
                0x0800e210       0x6c build/rest_api.o
 .text.rest_token_float
                0x0800e27c       0x5c build/rest_api.o
 .text.rest_token_int
                0x0800e2d8       0x48 build/rest_api.o
 .text.rest_api_handle_get_index
                0x0800e320       0x14 build/rest_api.o
                0x0800e320                rest_api_handle_get_index
 .text.rest_api_handle_get_config
                0x0800e334       0xf0 build/rest_api.o
                0x0800e334                rest_api_handle_get_config
 .text.rest_api_handle_get_status
                0x0800e424       0xe8 build/rest_api.o
                0x0800e424                rest_api_handle_get_status
 .text.rest_api_handle_post_config
                0x0800e50c      0x4e0 build/rest_api.o
                0x0800e50c                rest_api_handle_post_config
 .text.rest_api_handle_post_control
                0x0800e9ec      0x3fc build/rest_api.o
                0x0800e9ec                rest_api_handle_post_control
 .text.rest_api_handle_get_presets
                0x0800ede8      0x12c build/rest_api.o
                0x0800ede8                rest_api_handle_get_presets
 *fill*         0x0800ef14        0x4 
 .text.rest_api_handle_post_presets
                0x0800ef18      0x44c build/rest_api.o
                0x0800ef18                rest_api_handle_post_presets
 .text.rest_api_handle_get_odrive
                0x0800f364      0x178 build/rest_api.o
                0x0800f364                rest_api_handle_get_odrive
 *fill*         0x0800f4dc        0x4 
 .text.rest_api_handle_post_odrive
                0x0800f4e0      0x340 build/rest_api.o
                0x0800f4e0                rest_api_handle_post_odrive
 .text.rest_api_handle_get_can
                0x0800f820      0x16c build/rest_api.o
                0x0800f820                rest_api_handle_get_can
 .text.rest_api_handle_get_performance
                0x0800f98c      0x128 build/rest_api.o
                0x0800f98c                rest_api_handle_get_performance
 .text.rest_api_handle_get_stream
                0x0800fab4       0x5c build/rest_api.o
                0x0800fab4                rest_api_handle_get_stream
 .text.rest_api_handle_post_stream
                0x0800fb10      0x1cc build/rest_api.o
                0x0800fb10                rest_api_handle_post_stream
 .text.ping_recv
                0x0800fcdc      0x120 build/ping.o
 .text.ping_send
                0x0800fdfc       0x88 build/ping.o
 .text.ping_timeout
                0x0800fe84       0x70 build/ping.o
 .text.ping_finish_timeout
                0x0800fef4       0x8c build/ping.o
 .text.ping_init
                0x0800ff80       0xc4 build/ping.o
                0x0800ff80                ping_init
 .text.ping_set_count
                0x08010044        0xc build/ping.o
                0x08010044                ping_set_count
 .text.network_get_info
                0x08010050       0xb0 build/network_manager.o
                0x08010050                network_get_info
 .text.network_set_static_ip
                0x08010100       0xac build/network_manager.o
                0x08010100                network_set_static_ip
 .text.network_ping
                0x080101ac       0x2c build/network_manager.o
                0x080101ac                network_ping
 .text.network_http_start
                0x080101d8       0x10 build/network_manager.o
                0x080101d8                network_http_start
 .text.network_http_stop
                0x080101e8        0xc build/network_manager.o
                0x080101e8                network_http_stop
 .text.network_http_get_status
                0x080101f4       0x1c build/network_manager.o
                0x080101f4                network_http_get_status
 .text.network_http_set_logging
                0x08010210        0xc build/network_manager.o
                0x08010210                network_http_set_logging
 .text.network_stream_start
                0x0801021c       0x10 build/network_manager.o
                0x0801021c                network_stream_start
 .text.network_stream_stop
                0x0801022c        0xc build/network_manager.o
                0x0801022c                network_stream_stop
 .text.network_nvm_calculate_checksum
                0x08010238       0x18 build/network_nvm.o
                0x08010238                network_nvm_calculate_checksum
 .text.network_nvm_save
                0x08010250       0xfc build/network_nvm.o
                0x08010250                network_nvm_save
 .text.network_nvm_load
                0x0801034c       0x88 build/network_nvm.o
                0x0801034c                network_nvm_load
 .text.status_to_string
                0x080103d4       0x1c build/status_strings.o
                0x080103d4                status_to_string
 .text.ETH_PHY_IO_DeInit
                0x080103f0        0x4 build/ethernetif.o
                0x080103f0                ETH_PHY_IO_DeInit
 .text.low_level_output
                0x080103f4       0x74 build/ethernetif.o
 .text.pbuf_free_custom
                0x08010468       0x24 build/ethernetif.o
                0x08010468                pbuf_free_custom
 .text.ETH_PHY_IO_Init
                0x0801048c       0x10 build/ethernetif.o
                0x0801048c                ETH_PHY_IO_Init
 .text.ETH_PHY_IO_ReadReg
                0x0801049c       0x20 build/ethernetif.o
                0x0801049c                ETH_PHY_IO_ReadReg
 .text.ETH_PHY_IO_WriteReg
                0x080104bc       0x20 build/ethernetif.o
                0x080104bc                ETH_PHY_IO_WriteReg
 .text.ETH_PHY_IO_GetTick
                0x080104dc        0x4 build/ethernetif.o
                0x080104dc                ETH_PHY_IO_GetTick
 .text.ethernetif_input
                0x080104e0       0x40 build/ethernetif.o
                0x080104e0                ethernetif_input
 .text.HAL_ETH_MspInit
                0x08010520      0x10c build/ethernetif.o
                0x08010520                HAL_ETH_MspInit
 .text.ethernet_link_check_state
                0x0801062c      0x100 build/ethernetif.o
                0x0801062c                ethernet_link_check_state
 .text.ethernetif_init
                0x0801072c      0x150 build/ethernetif.o
                0x0801072c                ethernetif_init
 .text.HAL_ETH_RxAllocateCallback
                0x0801087c       0x60 build/ethernetif.o
                0x0801087c                HAL_ETH_RxAllocateCallback
 .text.HAL_ETH_RxLinkCallback
                0x080108dc       0x38 build/ethernetif.o
                0x080108dc                HAL_ETH_RxLinkCallback
 .text.sys_now  0x08010914        0x4 build/sys_arch.o
                0x08010914                sys_now
 .text.sys_arch_protect
                0x08010918        0x8 build/sys_arch.o
                0x08010918                sys_arch_protect
 .text.sys_arch_unprotect
                0x08010920        0x4 build/sys_arch.o
                0x08010920                sys_arch_unprotect
 .text.lwip_init
                0x08010924       0x20 build/init.o
                0x08010924                lwip_init
 .text.lwip_htons
                0x08010944        0x8 build/def.o
                0x08010944                lwip_htons
 .text.lwip_htonl
                0x0801094c        0x4 build/def.o
                0x0801094c                lwip_htonl
 .text.lwip_standard_chksum
                0x08010950       0x74 build/inet_chksum.o
                0x08010950                lwip_standard_chksum
 .text.inet_chksum
                0x080109c4        0xc build/inet_chksum.o
                0x080109c4                inet_chksum
 .text.mem_init
                0x080109d0       0x40 build/mem.o
                0x080109d0                mem_init
 .text.mem_free
                0x08010a10      0x188 build/mem.o
                0x08010a10                mem_free
 .text.mem_trim
                0x08010b98      0x13c build/mem.o
                0x08010b98                mem_trim
 .text.mem_malloc
                0x08010cd4      0x15c build/mem.o
                0x08010cd4                mem_malloc
 .text.do_memp_malloc_pool
                0x08010e30       0x48 build/memp.o
 .text.memp_init_pool
                0x08010e78       0x34 build/memp.o
                0x08010e78                memp_init_pool
 .text.memp_init
                0x08010eac       0x58 build/memp.o
                0x08010eac                memp_init
 .text.memp_malloc_pool
                0x08010f04       0x28 build/memp.o
                0x08010f04                memp_malloc_pool
 .text.memp_malloc
                0x08010f2c       0x18 build/memp.o
                0x08010f2c                memp_malloc
 .text.memp_free_pool
                0x08010f44       0x54 build/memp.o
                0x08010f44                memp_free_pool
 .text.memp_free
                0x08010f98       0x4c build/memp.o
                0x08010f98                memp_free
 .text.netif_null_output_ip4
                0x08010fe4        0x8 build/netif.o
 .text.netif_issue_reports
                0x08010fec       0x48 build/netif.o
 .text.netif_init
                0x08011034        0x4 build/netif.o
                0x08011034                netif_init
 .text.netif_set_addr
                0x08011038       0xb4 build/netif.o
                0x08011038                netif_set_addr
 .text.netif_add
                0x080110ec      0x114 build/netif.o
                0x080110ec                netif_add
 .text.netif_set_default
                0x08011200        0xc build/netif.o
                0x08011200                netif_set_default
 .text.netif_set_up
                0x0801120c       0x2c build/netif.o
                0x0801120c                netif_set_up
 .text.netif_set_down
                0x08011238       0x1c build/netif.o
                0x08011238                netif_set_down
 .text.netif_set_link_up
                0x08011254       0x3c build/netif.o
                0x08011254                netif_set_link_up
 .text.netif_set_link_down
                0x08011290       0x1c build/netif.o
                0x08011290                netif_set_link_down
 .text.netif_set_link_callback
                0x080112ac        0x8 build/netif.o
                0x080112ac                netif_set_link_callback
 .text.netif_get_by_index
                0x080112b4       0x24 build/netif.o
                0x080112b4                netif_get_by_index
 .text.pbuf_free_ooseq
                0x080112d8       0x34 build/pbuf.o
                0x080112d8                pbuf_free_ooseq
 .text.pbuf_alloc_reference
                0x0801130c       0x50 build/pbuf.o
                0x0801130c                pbuf_alloc_reference
 .text.pbuf_alloced_custom
                0x0801135c       0x40 build/pbuf.o
                0x0801135c                pbuf_alloced_custom
 .text.pbuf_add_header
                0x0801139c       0x60 build/pbuf.o
                0x0801139c                pbuf_add_header
 .text.pbuf_remove_header
                0x080113fc       0x48 build/pbuf.o
                0x080113fc                pbuf_remove_header
 .text.pbuf_header_force
                0x08011444       0x68 build/pbuf.o
                0x08011444                pbuf_header_force
 .text.pbuf_free
                0x080114ac       0xd4 build/pbuf.o
                0x080114ac                pbuf_free
 .text.pbuf_alloc
                0x08011580      0x11c build/pbuf.o
                0x08011580                pbuf_alloc
 .text.pbuf_realloc
                0x0801169c       0xcc build/pbuf.o
                0x0801169c                pbuf_realloc
 .text.pbuf_clen
                0x08011768       0x14 build/pbuf.o
                0x08011768                pbuf_clen
 .text.pbuf_ref
                0x0801177c       0x3c build/pbuf.o
                0x0801177c                pbuf_ref
 .text.pbuf_cat
                0x080117b8       0x8c build/pbuf.o
                0x080117b8                pbuf_cat
 .text.pbuf_chain
                0x08011844       0x3c build/pbuf.o
                0x08011844                pbuf_chain
 .text.pbuf_copy_partial_pbuf
                0x08011880      0x15c build/pbuf.o
                0x08011880                pbuf_copy_partial_pbuf
 .text.pbuf_copy
                0x080119dc       0x10 build/pbuf.o
                0x080119dc                pbuf_copy
 .text.pbuf_copy_partial
                0x080119ec       0x74 build/pbuf.o
                0x080119ec                pbuf_copy_partial
 .text.pbuf_clone
                0x08011a60       0x40 build/pbuf.o
                0x08011a60                pbuf_clone
 .text.raw_input
                0x08011aa0       0xd8 build/raw.o
                0x08011aa0                raw_input
 .text.raw_bind
                0x08011b78       0x1c build/raw.o
                0x08011b78                raw_bind
 .text.raw_recv
                0x08011b94        0x8 build/raw.o
                0x08011b94                raw_recv
 .text.raw_sendto_if_src
                0x08011b9c      0x104 build/raw.o
                0x08011b9c                raw_sendto_if_src
 .text.raw_sendto
                0x08011ca0       0x58 build/raw.o
                0x08011ca0                raw_sendto
 .text.raw_remove
                0x08011cf8       0x30 build/raw.o
                0x08011cf8                raw_remove
 .text.raw_new  0x08011d28       0x30 build/raw.o
                0x08011d28                raw_new
 .text.raw_netif_ip_addr_changed
                0x08011d58       0x38 build/raw.o
                0x08011d58                raw_netif_ip_addr_changed
 .text.tcp_new_port
                0x08011d90       0x58 build/tcp.o
 .text.tcp_close_shutdown_fin
                0x08011de8       0x64 build/tcp.o
 .text.tcp_init
                0x08011e4c       0x18 build/tcp.o
                0x08011e4c                tcp_init
 .text.tcp_free
                0x08011e64       0x3c build/tcp.o
                0x08011e64                tcp_free
 .text.tcp_bind
                0x08011ea0       0x90 build/tcp.o
                0x08011ea0                tcp_bind
 .text.tcp_listen_with_backlog_and_err
                0x08011f30       0xc4 build/tcp.o
                0x08011f30                tcp_listen_with_backlog_and_err
 .text.tcp_listen_with_backlog
                0x08011ff4        0x8 build/tcp.o
                0x08011ff4                tcp_listen_with_backlog
 .text.tcp_update_rcv_ann_wnd
                0x08011ffc       0x78 build/tcp.o
                0x08011ffc                tcp_update_rcv_ann_wnd
 .text.tcp_recved
                0x08012074       0xb4 build/tcp.o
                0x08012074                tcp_recved
 .text.tcp_segs_free
                0x08012128       0x24 build/tcp.o
                0x08012128                tcp_segs_free
 .text.tcp_seg_free
                0x0801214c       0x1c build/tcp.o
                0x0801214c                tcp_seg_free
 .text.tcp_seg_copy
                0x08012168       0x48 build/tcp.o
                0x08012168                tcp_seg_copy
 .text.tcp_arg  0x080121b0        0x8 build/tcp.o
                0x080121b0                tcp_arg
 .text.tcp_recv
                0x080121b8       0x38 build/tcp.o
                0x080121b8                tcp_recv
 .text.tcp_sent
                0x080121f0       0x38 build/tcp.o
                0x080121f0                tcp_sent
 .text.tcp_err  0x08012228       0x38 build/tcp.o
                0x08012228                tcp_err
 .text.tcp_accept
                0x08012260        0xc build/tcp.o
                0x08012260                tcp_accept
 .text.tcp_poll
                0x0801226c       0x3c build/tcp.o
                0x0801226c                tcp_poll
 .text.tcp_pcb_purge
                0x080122a8       0x8c build/tcp.o
                0x080122a8                tcp_pcb_purge
 .text.tcp_slowtmr
                0x08012334      0x52c build/tcp.o
                0x08012334                tcp_slowtmr
 .text.tcp_pcb_remove
                0x08012860       0xe0 build/tcp.o
                0x08012860                tcp_pcb_remove
 .text.tcp_abandon
                0x08012940      0x188 build/tcp.o
                0x08012940                tcp_abandon
 .text.tcp_abort
                0x08012ac8        0x8 build/tcp.o
                0x08012ac8                tcp_abort
 .text.tcp_accept_null
                0x08012ad0       0x3c build/tcp.o
 .text.tcp_kill_state
                0x08012b0c       0x4c build/tcp.o
 .text.tcp_alloc
                0x08012b58      0x148 build/tcp.o
                0x08012b58                tcp_alloc
 .text.tcp_new  0x08012ca0        0x8 build/tcp.o
                0x08012ca0                tcp_new
 .text.tcp_close_shutdown
                0x08012ca8      0x19c build/tcp.o
 .text.tcp_close
                0x08012e44       0x1c build/tcp.o
                0x08012e44                tcp_close
 .text.tcp_recv_null
                0x08012e60       0x3c build/tcp.o
                0x08012e60                tcp_recv_null
 .text.tcp_process_refused_data
                0x08012e9c       0x6c build/tcp.o
                0x08012e9c                tcp_process_refused_data
 .text.tcp_fasttmr
                0x08012f08       0x84 build/tcp.o
                0x08012f08                tcp_fasttmr
 .text.tcp_tmr  0x08012f8c       0x24 build/tcp.o
                0x08012f8c                tcp_tmr
 .text.tcp_next_iss
                0x08012fb0       0x38 build/tcp.o
                0x08012fb0                tcp_next_iss
 .text.tcp_eff_send_mss_netif
                0x08012fe8       0x40 build/tcp.o
                0x08012fe8                tcp_eff_send_mss_netif
 .text.tcp_netif_ip_addr_changed
                0x08013028       0x88 build/tcp.o
                0x08013028                tcp_netif_ip_addr_changed
 .text.tcp_free_ooseq
                0x080130b0       0x24 build/tcp.o
                0x080130b0                tcp_free_ooseq
 .text.tcp_oos_insert_segment
                0x080130d4       0x80 build/tcp_in.o
 .text.tcp_input_delayed_close
                0x08013154       0x40 build/tcp_in.o
 .text.tcp_free_acked_segments.isra.0
                0x08013194       0xc8 build/tcp_in.o
 .text.tcp_receive
                0x0801325c      0x8f4 build/tcp_in.o
 .text.tcp_parseopt
                0x08013b50      0x170 build/tcp_in.o
 .text.tcp_input
                0x08013cc0      0xc70 build/tcp_in.o
                0x08013cc0                tcp_input
 .text.tcp_trigger_input_pcb_close
                0x08014930       0x10 build/tcp_in.o
                0x08014930                tcp_trigger_input_pcb_close
 .text.tcp_pbuf_prealloc
                0x08014940       0xc0 build/tcp_out.o
 .text.tcp_create_segment
                0x08014a00       0xd0 build/tcp_out.o
 .text.tcp_output_alloc_header_common.constprop.0
                0x08014ad0       0x8c build/tcp_out.o
 .text.tcp_output_alloc_header.constprop.0
                0x08014b5c       0x50 build/tcp_out.o
 .text.tcp_rst_common.isra.0
                0x08014bac       0x70 build/tcp_out.o
 .text.tcp_output_control_segment
                0x08014c1c       0x60 build/tcp_out.o
 .text.tcp_write
                0x08014c7c      0x6ec build/tcp_out.o
                0x08014c7c                tcp_write
 .text.tcp_split_unsent_seg
                0x08015368      0x1a8 build/tcp_out.o
                0x08015368                tcp_split_unsent_seg
 .text.tcp_enqueue_flags
                0x08015510      0x170 build/tcp_out.o
                0x08015510                tcp_enqueue_flags
 .text.tcp_send_fin
                0x08015680       0x64 build/tcp_out.o
                0x08015680                tcp_send_fin
 .text.tcp_rexmit_rto_prepare
                0x080156e4       0x88 build/tcp_out.o
                0x080156e4                tcp_rexmit_rto_prepare
 .text.tcp_rexmit
                0x0801576c       0x88 build/tcp_out.o
                0x0801576c                tcp_rexmit
 .text.tcp_rexmit_fast
                0x080157f4       0x74 build/tcp_out.o
                0x080157f4                tcp_rexmit_fast
 .text.tcp_rst  0x08015868       0x40 build/tcp_out.o
                0x08015868                tcp_rst
 .text.tcp_rst_netif
                0x080158a8       0x50 build/tcp_out.o
                0x080158a8                tcp_rst_netif
 .text.tcp_send_empty_ack
                0x080158f8       0x64 build/tcp_out.o
                0x080158f8                tcp_send_empty_ack
 .text.tcp_output
                0x0801595c      0x398 build/tcp_out.o
                0x0801595c                tcp_output
 .text.tcp_rexmit_rto_commit
                0x08015cf4       0x3c build/tcp_out.o
                0x08015cf4                tcp_rexmit_rto_commit
 .text.tcp_rexmit_rto
                0x08015d30       0x5c build/tcp_out.o
                0x08015d30                tcp_rexmit_rto
 .text.tcp_keepalive
                0x08015d8c       0x4c build/tcp_out.o
                0x08015d8c                tcp_keepalive
 .text.tcp_zero_window_probe
                0x08015dd8       0xd4 build/tcp_out.o
                0x08015dd8                tcp_zero_window_probe
 .text.sys_timeout_abs
                0x08015eac       0x58 build/timeouts.o
 .text.lwip_cyclic_timer
                0x08015f04       0x40 build/timeouts.o
 .text.tcpip_tcp_timer
                0x08015f44       0x3c build/timeouts.o
 .text.tcp_timer_needed
                0x08015f80       0x40 build/timeouts.o
                0x08015f80                tcp_timer_needed
 .text.sys_timeouts_init
                0x08015fc0       0x34 build/timeouts.o
                0x08015fc0                sys_timeouts_init
 .text.sys_timeout
                0x08015ff4       0x3c build/timeouts.o
                0x08015ff4                sys_timeout
 .text.sys_untimeout
                0x08016030       0x3c build/timeouts.o
                0x08016030                sys_untimeout
 .text.sys_check_timeouts
                0x0801606c       0x68 build/timeouts.o
                0x0801606c                sys_check_timeouts
 .text.udp_init
                0x080160d4       0x18 build/udp.o
                0x080160d4                udp_init
 .text.udp_input
                0x080160ec      0x244 build/udp.o
                0x080160ec                udp_input
 .text.udp_netif_ip_addr_changed
                0x08016330       0x38 build/udp.o
                0x08016330                udp_netif_ip_addr_changed
 .text.ethernet_input
                0x08016368       0xa4 build/ethernet.o
                0x08016368                ethernet_input
 .text.ethernet_output
                0x0801640c       0x70 build/ethernet.o
                0x0801640c                ethernet_output
 .text.etharp_find_entry
                0x0801647c      0x168 build/etharp.o
 .text.etharp_raw
                0x080165e4       0xe0 build/etharp.o
 .text.etharp_output_to_arp_index
                0x080166c4       0xe8 build/etharp.o
 .text.etharp_tmr
                0x080167ac       0x84 build/etharp.o
                0x080167ac                etharp_tmr
 .text.etharp_cleanup_netif
                0x08016830       0x34 build/etharp.o
                0x08016830                etharp_cleanup_netif
 .text.etharp_input
                0x08016864      0x148 build/etharp.o
                0x08016864                etharp_input
 .text.etharp_query
                0x080169ac      0x170 build/etharp.o
                0x080169ac                etharp_query
 .text.etharp_output
                0x08016b1c      0x15c build/etharp.o
                0x08016b1c                etharp_output
 .text.etharp_request
                0x08016c78       0x2c build/etharp.o
                0x08016c78                etharp_request
 .text.ip4_route
                0x08016ca4       0x70 build/ip4.o
                0x08016ca4                ip4_route
 .text.ip4_input
                0x08016d14      0x1d4 build/ip4.o
                0x08016d14                ip4_input
 .text.ip4_output_if_src
                0x08016ee8      0x104 build/ip4.o
                0x08016ee8                ip4_output_if_src
 .text.ip4_output_if
                0x08016fec       0x24 build/ip4.o
                0x08016fec                ip4_output_if
 .text.ip4_addr_isbroadcast_u32
                0x08017010       0x38 build/ip4_addr.o
                0x08017010                ip4_addr_isbroadcast_u32
 .text.ip4addr_aton
                0x08017048      0x148 build/ip4_addr.o
                0x08017048                ip4addr_aton
 .text.ip4addr_ntoa_r
                0x08017190       0xac build/ip4_addr.o
                0x08017190                ip4addr_ntoa_r
 .text.ip4addr_ntoa
                0x0801723c        0xc build/ip4_addr.o
                0x0801723c                ip4addr_ntoa
 .text.icmp_send_response
                0x08017248       0xb0 build/icmp.o
 .text.icmp_input
                0x080172f8      0x148 build/icmp.o
                0x080172f8                icmp_input
 .text.icmp_dest_unreach
                0x08017440        0x8 build/icmp.o
                0x08017440                icmp_dest_unreach
 .text.icmp_time_exceeded
                0x08017448        0x8 build/icmp.o
                0x08017448                icmp_time_exceeded
 .text.ipfrag_free_pbuf_custom
                0x08017450       0x38 build/ip4_frag.o
 .text.ip_reass_free_complete_datagram
                0x08017488      0x130 build/ip4_frag.o
 .text.ip_reass_remove_oldest_datagram
                0x080175b8       0xc0 build/ip4_frag.o
 .text.ip_reass_tmr
                0x08017678       0x30 build/ip4_frag.o
                0x08017678                ip_reass_tmr
 .text.ip4_reass
                0x080176a8      0x480 build/ip4_frag.o
                0x080176a8                ip4_reass
 .text.ip4_frag
                0x08017b28      0x1f8 build/ip4_frag.o
                0x08017b28                ip4_frag
 .text.HAL_GetTick
                0x08017d20        0xc build/stm32h7xx_hal.o
                0x08017d20                HAL_GetTick
 .text.HAL_SYSCFG_ETHInterfaceSelect
                0x08017d2c       0x2c build/stm32h7xx_hal.o
                0x08017d2c                HAL_SYSCFG_ETHInterfaceSelect
 .text.HAL_RCC_GetSysClockFreq.part.0
                0x08017d58       0xe4 build/stm32h7xx_hal_rcc.o
 .text.HAL_RCC_GetHCLKFreq
                0x08017e3c       0x80 build/stm32h7xx_hal_rcc.o
                0x08017e3c                HAL_RCC_GetHCLKFreq
 .text.HAL_GPIO_Init
                0x08017ebc      0x3d8 build/stm32h7xx_hal_gpio.o
                0x08017ebc                HAL_GPIO_Init
 .text.HAL_MPU_Disable
                0x08018294       0x1c build/stm32h7xx_hal_cortex.o
                0x08018294                HAL_MPU_Disable
 .text.HAL_MPU_Enable
                0x080182b0       0x20 build/stm32h7xx_hal_cortex.o
                0x080182b0                HAL_MPU_Enable
 .text.HAL_MPU_ConfigRegion
                0x080182d0      0x118 build/stm32h7xx_hal_cortex.o
                0x080182d0                HAL_MPU_ConfigRegion
 .text.HAL_FLASH_Unlock
                0x080183e8       0x4c build/stm32h7xx_hal_flash.o
                0x080183e8                HAL_FLASH_Unlock
 .text.HAL_FLASH_Lock
                0x08018434       0x30 build/stm32h7xx_hal_flash.o
                0x08018434                HAL_FLASH_Lock
 .text.FLASH_WaitForLastOperation
                0x08018464       0xec build/stm32h7xx_hal_flash.o
                0x08018464                FLASH_WaitForLastOperation
 .text.HAL_FLASH_Program
                0x08018550       0xe8 build/stm32h7xx_hal_flash.o
                0x08018550                HAL_FLASH_Program
 .text.FLASH_MassErase
                0x08018638       0xb8 build/stm32h7xx_hal_flash_ex.o
 .text.FLASH_Erase_Sector
                0x080186f0       0x84 build/stm32h7xx_hal_flash_ex.o
                0x080186f0                FLASH_Erase_Sector
 .text.HAL_FLASHEx_Erase
                0x08018774      0x184 build/stm32h7xx_hal_flash_ex.o
                0x08018774                HAL_FLASHEx_Erase
 .text.ETH_SetMACConfig
                0x080188f8      0x178 build/stm32h7xx_hal_eth.o
 .text.ETH_SetDMAConfig
                0x08018a70       0x90 build/stm32h7xx_hal_eth.o
 .text.ETH_Prepare_Tx_Descriptors
                0x08018b00      0x388 build/stm32h7xx_hal_eth.o
 .text.ETH_UpdateDescriptor
                0x08018e88       0x80 build/stm32h7xx_hal_eth.o
 .text.HAL_ETH_Start
                0x08018f08       0x70 build/stm32h7xx_hal_eth.o
                0x08018f08                HAL_ETH_Start
 .text.HAL_ETH_Stop
                0x08018f78       0x5c build/stm32h7xx_hal_eth.o
                0x08018f78                HAL_ETH_Stop
 .text.HAL_ETH_Transmit
                0x08018fd4       0xcc build/stm32h7xx_hal_eth.o
                0x08018fd4                HAL_ETH_Transmit
 .text.HAL_ETH_ReadData
                0x080190a0      0x10c build/stm32h7xx_hal_eth.o
                0x080190a0                HAL_ETH_ReadData
 .text.HAL_ETH_ReadPHYRegister
                0x080191ac       0x5c build/stm32h7xx_hal_eth.o
                0x080191ac                HAL_ETH_ReadPHYRegister
 .text.HAL_ETH_WritePHYRegister
                0x08019208       0x64 build/stm32h7xx_hal_eth.o
                0x08019208                HAL_ETH_WritePHYRegister
 .text.HAL_ETH_GetMACConfig
                0x0801926c      0x194 build/stm32h7xx_hal_eth.o
                0x0801926c                HAL_ETH_GetMACConfig
 .text.HAL_ETH_SetMACConfig
                0x08019400       0x1c build/stm32h7xx_hal_eth.o
                0x08019400                HAL_ETH_SetMACConfig
 .text.HAL_ETH_SetMDIOClockRange
                0x0801941c       0x6c build/stm32h7xx_hal_eth.o
                0x0801941c                HAL_ETH_SetMDIOClockRange
 .text.HAL_ETH_Init
                0x08019488      0x250 build/stm32h7xx_hal_eth.o
                0x08019488                HAL_ETH_Init
 .text.LAN8742_RegisterBusIO
                0x080196d8       0x34 build/lan8742.o
                0x080196d8                LAN8742_RegisterBusIO
 .text.LAN8742_Init
                0x0801970c       0x64 build/lan8742.o
                0x0801970c                LAN8742_Init
 .text.LAN8742_GetLinkState
                0x08019770       0x9c build/lan8742.o
                0x08019770                LAN8742_GetLinkState
 .text.Reset_Handler
                0x0801980c       0x54 build/startup_stm32h753xihx.o
                0x0801980c                Reset_Handler
 .text.Default_Handler
                0x08019860        0x2 build/startup_stm32h753xihx.o
                0x08019860                RTC_Alarm_IRQHandler
                0x08019860                HASH_RNG_IRQHandler
                0x08019860                EXTI2_IRQHandler
                0x08019860                TIM8_CC_IRQHandler
                0x08019860                HRTIM1_Master_IRQHandler
                0x08019860                UART8_IRQHandler
                0x08019860                SPI4_IRQHandler
                0x08019860                TIM1_CC_IRQHandler
                0x08019860                BDMA_Channel6_IRQHandler
                0x08019860                DMA2_Stream5_IRQHandler
                0x08019860                HRTIM1_FLT_IRQHandler
                0x08019860                JPEG_IRQHandler
                0x08019860                DMA1_Stream5_IRQHandler
                0x08019860                BDMA_Channel1_IRQHandler
                0x08019860                HRTIM1_TIMD_IRQHandler
                0x08019860                TAMP_STAMP_IRQHandler
                0x08019860                EXTI3_IRQHandler
                0x08019860                LPTIM4_IRQHandler
                0x08019860                TIM8_TRG_COM_TIM14_IRQHandler
                0x08019860                LPTIM2_IRQHandler
                0x08019860                DFSDM1_FLT1_IRQHandler
                0x08019860                DMAMUX2_OVR_IRQHandler
                0x08019860                TIM8_UP_TIM13_IRQHandler
                0x08019860                I2C3_ER_IRQHandler
                0x08019860                DFSDM1_FLT2_IRQHandler
                0x08019860                MDMA_IRQHandler
                0x08019860                LPTIM3_IRQHandler
                0x08019860                HSEM1_IRQHandler
                0x08019860                EXTI0_IRQHandler
                0x08019860                I2C2_EV_IRQHandler
                0x08019860                DMA1_Stream2_IRQHandler
                0x08019860                FPU_IRQHandler
                0x08019860                OTG_HS_WKUP_IRQHandler
                0x08019860                FDCAN1_IT1_IRQHandler
                0x08019860                LTDC_ER_IRQHandler
                0x08019860                DMA2_Stream2_IRQHandler
                0x08019860                HRTIM1_TIME_IRQHandler
                0x08019860                SPI1_IRQHandler
                0x08019860                DCMI_IRQHandler
                0x08019860                HRTIM1_TIMC_IRQHandler
                0x08019860                DMA2_Stream3_IRQHandler
                0x08019860                SAI2_IRQHandler
                0x08019860                DFSDM1_FLT3_IRQHandler
                0x08019860                USART6_IRQHandler
                0x08019860                TIM17_IRQHandler
                0x08019860                BDMA_Channel7_IRQHandler
                0x08019860                CRYP_IRQHandler
                0x08019860                LPTIM5_IRQHandler
                0x08019860                UART5_IRQHandler
                0x08019860                ADC3_IRQHandler
                0x08019860                DMA2_Stream0_IRQHandler
                0x08019860                TIM4_IRQHandler
                0x08019860                BDMA_Channel2_IRQHandler
                0x08019860                QUADSPI_IRQHandler
                0x08019860                I2C1_EV_IRQHandler
                0x08019860                DMA1_Stream6_IRQHandler
                0x08019860                DMAMUX1_OVR_IRQHandler
                0x08019860                DMA1_Stream1_IRQHandler
                0x08019860                TIM16_IRQHandler
                0x08019860                UART4_IRQHandler
                0x08019860                BDMA_Channel5_IRQHandler
                0x08019860                TIM3_IRQHandler
                0x08019860                RCC_IRQHandler
                0x08019860                TIM8_BRK_TIM12_IRQHandler
                0x08019860                TIM1_TRG_COM_IRQHandler
                0x08019860                Default_Handler
                0x08019860                ECC_IRQHandler
                0x08019860                CEC_IRQHandler
                0x08019860                EXTI15_10_IRQHandler
                0x08019860                BDMA_Channel0_IRQHandler
                0x08019860                ADC_IRQHandler
                0x08019860                DMA1_Stream7_IRQHandler
                0x08019860                HRTIM1_TIMA_IRQHandler
                0x08019860                SPI5_IRQHandler
                0x08019860                TIM7_IRQHandler
                0x08019860                SDMMC1_IRQHandler
                0x08019860                TIM5_IRQHandler
                0x08019860                DMA2_Stream7_IRQHandler
                0x08019860                TIM15_IRQHandler
                0x08019860                PVD_AVD_IRQHandler
                0x08019860                I2C3_EV_IRQHandler
                0x08019860                EXTI9_5_IRQHandler
                0x08019860                RTC_WKUP_IRQHandler
                0x08019860                LTDC_IRQHandler
                0x08019860                SAI3_IRQHandler
                0x08019860                ETH_WKUP_IRQHandler
                0x08019860                SPDIF_RX_IRQHandler
                0x08019860                SPI2_IRQHandler
                0x08019860                OTG_HS_EP1_IN_IRQHandler
                0x08019860                DMA1_Stream0_IRQHandler
                0x08019860                CRS_IRQHandler
                0x08019860                EXTI4_IRQHandler
                0x08019860                HRTIM1_TIMB_IRQHandler
                0x08019860                FDCAN2_IT1_IRQHandler
                0x08019860                ETH_IRQHandler
                0x08019860                TIM1_UP_IRQHandler
                0x08019860                BDMA_Channel4_IRQHandler
                0x08019860                OTG_HS_EP1_OUT_IRQHandler
                0x08019860                WWDG_IRQHandler
                0x08019860                SPI6_IRQHandler
                0x08019860                MDIOS_IRQHandler
                0x08019860                I2C4_EV_IRQHandler
                0x08019860                FDCAN2_IT0_IRQHandler
                0x08019860                LPUART1_IRQHandler
                0x08019860                TIM2_IRQHandler
                0x08019860                OTG_FS_WKUP_IRQHandler
                0x08019860                OTG_HS_IRQHandler
                0x08019860                DMA2D_IRQHandler
                0x08019860                TIM1_BRK_IRQHandler
                0x08019860                EXTI1_IRQHandler
                0x08019860                SDMMC2_IRQHandler
                0x08019860                OTG_FS_EP1_OUT_IRQHandler
                0x08019860                BDMA_Channel3_IRQHandler
                0x08019860                UART7_IRQHandler
                0x08019860                MDIOS_WKUP_IRQHandler
                0x08019860                USART2_IRQHandler
                0x08019860                DFSDM1_FLT0_IRQHandler
                0x08019860                SAI4_IRQHandler
                0x08019860                I2C2_ER_IRQHandler
                0x08019860                DMA2_Stream1_IRQHandler
                0x08019860                FLASH_IRQHandler
                0x08019860                DMA2_Stream4_IRQHandler
                0x08019860                USART1_IRQHandler
                0x08019860                OTG_FS_IRQHandler
                0x08019860                SPI3_IRQHandler
                0x08019860                WAKEUP_PIN_IRQHandler
                0x08019860                DMA1_Stream4_IRQHandler
                0x08019860                OTG_FS_EP1_IN_IRQHandler
                0x08019860                I2C1_ER_IRQHandler
                0x08019860                FMC_IRQHandler
                0x08019860                FDCAN_CAL_IRQHandler
                0x08019860                SWPMI1_IRQHandler
                0x08019860                COMP1_IRQHandler
                0x08019860                LPTIM1_IRQHandler
                0x08019860                I2C4_ER_IRQHandler
                0x08019860                DMA2_Stream6_IRQHandler
                0x08019860                SAI1_IRQHandler
                0x08019860                DMA1_Stream3_IRQHandler
 *(.glue_7)
 .glue_7        0x08019862        0x0 linker stubs
 *(.glue_7t)
 .glue_7t       0x08019862        0x0 linker stubs
 *(.eh_frame)
 *fill*         0x08019862        0x2 
 .eh_frame      0x08019864        0x0 /usr/lib/gcc/arm-none-eabi/14.2.1/thumb/v7e-m+dp/hard/crtbegin.o
 *(.init)
 .init          0x08019864        0x4 /usr/lib/gcc/arm-none-eabi/14.2.1/thumb/v7e-m+dp/hard/crti.o
                0x08019864                _init
 .init          0x08019868        0x8 /usr/lib/gcc/arm-none-eabi/14.2.1/thumb/v7e-m+dp/hard/crtn.o
 *(.fini)
 .fini          0x08019870        0x4 /usr/lib/gcc/arm-none-eabi/14.2.1/thumb/v7e-m+dp/hard/crti.o
                0x08019870                _fini
 .fini          0x08019874        0x8 /usr/lib/gcc/arm-none-eabi/14.2.1/thumb/v7e-m+dp/hard/crtn.o
                0x0801987c                        . = ALIGN (0x4)
                0x0801987c                        _etext = .

.vfp11_veneer   0x0801987c        0x0
 .vfp11_veneer  0x0801987c        0x0 linker stubs

.v4_bx          0x0801987c        0x0
 .v4_bx         0x0801987c        0x0 linker stubs

.iplt           0x0801987c        0x0
 .iplt          0x0801987c        0x0 /usr/lib/gcc/arm-none-eabi/14.2.1/thumb/v7e-m+dp/hard/crtbegin.o

.rodata         0x08019880     0x85a0
                0x08019880                        . = ALIGN (0x4)
 *(.rodata)
 .rodata        0x08019880       0x50 /usr/lib/gcc/arm-none-eabi/14.2.1/../../../arm-none-eabi/lib/thumb/v7e-m+dp/hard/libc_nano.a(libc_a-strtod.o)
 .rodata        0x080198d0      0x100 /usr/lib/gcc/arm-none-eabi/14.2.1/../../../arm-none-eabi/lib/thumb/v7e-m+dp/hard/libc_nano.a(libc_a-gdtoa-gethex.o)
                0x080198d0                __hexdig
 .rodata        0x080199d0      0x101 /usr/lib/gcc/arm-none-eabi/14.2.1/../../../arm-none-eabi/lib/thumb/v7e-m+dp/hard/libc_nano.a(libc_a-ctype_.o)
                0x080199d0                _ctype_
 *fill*         0x08019ad1        0x7 
 .rodata        0x08019ad8      0x128 /usr/lib/gcc/arm-none-eabi/14.2.1/../../../arm-none-eabi/lib/thumb/v7e-m+dp/hard/libc_nano.a(libc_a-mprec.o)
                0x08019ae8                __mprec_tens
                0x08019bb0                __mprec_tinytens
                0x08019bd8                __mprec_bigtens
 *(.rodata*)
 .rodata.main.str1.4
                0x08019c00     0x580d build/main.o
                                0x1a9 (size before relaxing)
 .rodata.board_init.str1.4
                0x0801f40d       0x10 build/board.o
 *fill*         0x0801f40d        0x3 
 .rodata.CSWTCH.22
                0x0801f410       0x40 build/board.o
 .rodata.D1CorePrescTable
                0x0801f450       0x10 build/system_stm32h7xx.o
                0x0801f450                D1CorePrescTable
 .rodata.cli_cmd_valve_wall_k.str1.4
                0x0801f460       0x67 build/cli.o
 .rodata.cli_cmd_help.str1.4
                0x0801f460       0x24 build/cli.o
 .rodata.cli_cmd_valve_wall_c.str1.4
                0x0801f460       0x55 build/cli.o
 .rodata.cli_cmd_valve_torquelimit.str1.4
                0x0801f460       0x59 build/cli.o
 .rodata.cli_cmd_valve_timing.str1.4
                0x0801f460       0xb6 build/cli.o
 .rodata.cli_cmd_valve_status.str1.4
                0x0801f460      0x1d1 build/cli.o
 .rodata.cli_cmd_valve_stop.str1.4
                0x0801f460       0x12 build/cli.o
 .rodata.cli_cmd_valve_start.str1.4
                0x0801f460      0x16a build/cli.o
 .rodata.cli_cmd_valve_scale.str1.4
                0x0801f460       0x4a build/cli.o
 .rodata.cli_cmd_valve_preset_show.str1.4
                0x0801f460      0x11b build/cli.o
 .rodata.cli_cmd_valve_preset_save.str1.4
                0x0801f460       0x92 build/cli.o
 .rodata.cli_cmd_valve_preset.str1.4
                0x0801f460       0xd6 build/cli.o
 .rodata.cli_cmd_valve_friction.str1.4
                0x0801f460       0x55 build/cli.o
 .rodata.cli_cmd_valve_epsilon.str1.4
                0x0801f460       0x56 build/cli.o
 .rodata.cli_cmd_valve_energy.str1.4
                0x0801f460       0x22 build/cli.o
 .rodata.cli_cmd_valve_damping.str1.4
                0x0801f460       0x54 build/cli.o
 .rodata.cli_cmd_ping.str1.4
                0x0801f460       0x50 build/cli.o
 .rodata.cli_cmd_perf_stats.str1.4
                0x0801f460      0x1aa build/cli.o
 .rodata.cli_cmd_perf_rms.str1.4
                0x0801f460       0x75 build/cli.o
 .rodata.cli_cmd_perf_dump.str1.4
                0x0801f460       0x40 build/cli.o
 .rodata.cli_cmd_odrive_velocity.str1.4
                0x0801f460       0x76 build/cli.o
 .rodata.cli_cmd_odrive_torque.str1.4
                0x0801f460       0x6c build/cli.o
 .rodata.cli_cmd_odrive_status.str1.4
                0x0801f460       0xd1 build/cli.o
 .rodata.cli_cmd_odrive_position.str1.4
                0x0801f460       0x72 build/cli.o
 .rodata.cli_cmd_odrive_pos_gain.str1.4
                0x0801f460       0x68 build/cli.o
 .rodata.cli_cmd_odrive_mode.str1.4
                0x0801f460       0xfa build/cli.o
 .rodata.cli_cmd_odrive_calibrate.str1.4