src/valve/valve_presets.c:22:10:valve_presets_init	8	static
src/valve/valve_presets.c:45:10:valve_presets_save	20	static
src/valve/valve_presets.c:54:10:valve_preset_get	8	static
src/valve/valve_presets.c:63:10:valve_preset_set	16	static
src/valve/valve_presets.c:83:10:valve_preset_from_preset	0	static
src/valve/valve_presets.c:126:10:valve_preset_validate	0	static
src/valve/valve_presets.c:176:7:valve_preset_get_default_travel	0	static
src/valve/valve_presets.c:192:1:valve_preset_save_current	72	static
