src/valve/valve_manager.c:13:1:valve_start	0	static
src/valve/valve_manager.c:19:1:valve_stop	8	static
src/valve/valve_manager.c:26:1:valve_set_damping	48	static
src/valve/valve_manager.c:34:1:valve_set_friction	48	static
src/valve/valve_manager.c:42:1:valve_set_epsilon	48	static
src/valve/valve_manager.c:50:1:valve_set_torque_limit	48	static
src/valve/valve_manager.c:58:1:valve_set_wall_damping	48	static
src/valve/valve_manager.c:66:1:valve_set_wall_stiffness	48	static
src/valve/valve_manager.c:74:1:valve_set_scale	48	static
src/valve/valve_manager.c:82:1:valve_set_open_position	48	static
src/valve/valve_manager.c:90:1:valve_set_closed_position	48	static
src/valve/valve_manager.c:98:1:valve_load_preset	0	static
src/valve/valve_manager.c:104:1:valve_save_preset	0	static
src/valve/valve_manager.c:110:1:valve_edit_preset	0	static
src/valve/valve_manager.c:116:1:valve_get_state	0	static
src/valve/valve_manager.c:122:1:valve_get_energy	8	static
src/valve/valve_manager.c:129:1:valve_get_presets	0	static
